2026-08-13 19:13:27,754 [INFO] root: Logging initialized (dir=C:\Users\yydsh\Desktop\ProjectForStudio\ThonCode\src\thoncode\logs)
2026-08-13 19:14:26,501 [INFO] root: Logging initialized (dir=C:\Users\yydsh\Desktop\ProjectForStudio\ThonCode\src\thoncode\logs)
2026-08-13 19:14:37,470 [INFO] root: Logging initialized (dir=C:\Users\yydsh\Desktop\ProjectForStudio\ThonCode\src\thoncode\logs)
2026-08-13 19:14:37,471 [INFO] thoncode.boot: Application starting
2026-08-13 19:14:38,201 [DEBUG] thoncode.tree_manager: Populating tree root: C:\Users\yydsh\Desktop\ProjectForStudio\ThonCode\src
2026-08-13 19:14:38,255 [INFO] thoncode.main: Startup completed in 0.783s
2026-08-13 19:14:38,260 [INFO] thoncode.plugin.sample_plugin: Sample plugin loaded v1.0.0
2026-08-13 19:14:38,261 [INFO] thoncode.plugins.manager: Plugin loaded: sample_plugin v1.0.0 - Logs file open events (demo plugin)
2026-08-13 19:14:38,262 [INFO] thoncode.plugins.manager: Loaded 1 plugin(s) from C:\Users\yydsh\Desktop\ProjectForStudio\ThonCode\src\thoncode\plugins
2026-08-13 19:14:38,285 [DEBUG] PIL.PngImagePlugin: STREAM b'IHDR' 16 13
2026-08-13 19:14:38,286 [DEBUG] PIL.PngImagePlugin: STREAM b'PLTE' 41 738
2026-08-13 19:14:38,286 [DEBUG] PIL.PngImagePlugin: STREAM b'tRNS' 791 118
2026-08-13 19:14:38,286 [DEBUG] PIL.PngImagePlugin: STREAM b'IDAT' 921 2549
2026-08-13 19:14:38,288 [DEBUG] PIL.PngImagePlugin: STREAM b'IHDR' 16 13
2026-08-13 19:14:38,288 [DEBUG] PIL.PngImagePlugin: STREAM b'sBIT' 41 4
2026-08-13 19:14:38,288 [DEBUG] PIL.PngImagePlugin: b'sBIT' 41 4 (unknown)
2026-08-13 19:14:38,288 [DEBUG] PIL.PngImagePlugin: STREAM b'pHYs' 57 9
2026-08-13 19:14:38,288 [DEBUG] PIL.PngImagePlugin: STREAM b'tEXt' 78 25
2026-08-13 19:14:38,288 [DEBUG] PIL.PngImagePlugin: STREAM b'IDAT' 115 2698
2026-08-13 19:14:38,290 [DEBUG] PIL.PngImagePlugin: STREAM b'IHDR' 16 13
2026-08-13 19:14:38,290 [DEBUG] PIL.PngImagePlugin: STREAM b'IDAT' 41 20962
2026-08-13 19:14:44,396 [INFO] root: Logging initialized (dir=C:\Users\yydsh\Desktop\ProjectForStudio\ThonCode\src\thoncode\logs)
2026-08-13 19:14:50,826 [DEBUG] thoncode.tree_manager: Populating tree root: C:/Users/yydsh/Desktop/ProjectForStudio/ThonCode
2026-08-13 19:14:58,100 [DEBUG] thoncode.plugin.sample_plugin: File opened: C:/Users/yydsh/Desktop/ProjectForStudio/ThonCode\src\thoncode\main.py
2026-08-13 19:19:46,125 [INFO] root: Logging initialized (dir=C:\Users\yydsh\Desktop\ProjectForStudio\ThonCode\src\thoncode\logs)
2026-08-13 19:19:46,126 [INFO] thoncode.boot: Application starting
2026-08-13 19:19:46,662 [DEBUG] thoncode.tree_manager: Populating tree root: C:\Users\yydsh\Desktop\ProjectForStudio\ThonCode\src
2026-08-13 19:19:46,691 [INFO] thoncode.main: Startup completed in 0.564s
2026-08-13 19:19:46,692 [INFO] thoncode.plugin.sample_plugin: Sample plugin loaded v1.0.0
2026-08-13 19:19:46,692 [INFO] thoncode.plugins.manager: Plugin loaded: sample_plugin v1.0.0 - Logs file open events (demo plugin)
2026-08-13 19:19:46,692 [INFO] thoncode.plugins.manager: Loaded 1 plugin(s) from C:\Users\yydsh\Desktop\ProjectForStudio\ThonCode\src\thoncode\plugins
2026-08-13 19:19:46,714 [DEBUG] PIL.PngImagePlugin: STREAM b'IHDR' 16 13
2026-08-13 19:19:46,714 [DEBUG] PIL.PngImagePlugin: STREAM b'PLTE' 41 738
2026-08-13 19:19:46,714 [DEBUG] PIL.PngImagePlugin: STREAM b'tRNS' 791 118
2026-08-13 19:19:46,715 [DEBUG] PIL.PngImagePlugin: STREAM b'IDAT' 921 2549
2026-08-13 19:19:46,716 [DEBUG] PIL.PngImagePlugin: STREAM b'IHDR' 16 13
2026-08-13 19:19:46,716 [DEBUG] PIL.PngImagePlugin: STREAM b'sBIT' 41 4
2026-08-13 19:19:46,716 [DEBUG] PIL.PngImagePlugin: b'sBIT' 41 4 (unknown)
2026-08-13 19:19:46,716 [DEBUG] PIL.PngImagePlugin: STREAM b'pHYs' 57 9
2026-08-13 19:19:46,717 [DEBUG] PIL.PngImagePlugin: STREAM b'tEXt' 78 25
2026-08-13 19:19:46,717 [DEBUG] PIL.PngImagePlugin: STREAM b'IDAT' 115 2698
2026-08-13 19:19:46,718 [DEBUG] PIL.PngImagePlugin: STREAM b'IHDR' 16 13
2026-08-13 19:19:46,718 [DEBUG] PIL.PngImagePlugin: STREAM b'IDAT' 41 20962
2026-08-13 19:22:42,834 [DEBUG] thoncode.tree_manager: Populating tree root: C:/Users/yydsh/Desktop/ProjectForStudio/ThonCode
2026-08-13 19:24:20,084 [DEBUG] thoncode.plugin.sample_plugin: File opened: C:/Users/yydsh/Desktop/ProjectForStudio/ThonCode\src\thoncode\main.py
2026-08-13 19:30:00,995 [INFO] root: Logging initialized (dir=C:\Users\yydsh\Desktop\ProjectForStudio\ThonCode\src\thoncode\logs)
2026-08-13 19:31:06,762 [INFO] root: Logging initialized (dir=C:\Users\yydsh\Desktop\ProjectForStudio\ThonCode\src\thoncode\logs)
2026-08-13 19:31:06,762 [INFO] thoncode.boot: Application starting
2026-08-13 19:31:07,296 [DEBUG] thoncode.tree_manager: Populating tree root: C:\Users\yydsh\Desktop\ProjectForStudio\ThonCode\src
2026-08-13 19:31:07,325 [INFO] thoncode.main: Startup completed in 0.562s
2026-08-13 19:31:07,326 [INFO] thoncode.plugin.sample_plugin: Sample plugin loaded v1.0.0
2026-08-13 19:31:07,327 [INFO] thoncode.plugins.manager: Plugin loaded: sample_plugin v1.0.0 - Logs file open events (demo plugin)
2026-08-13 19:31:07,327 [INFO] thoncode.plugins.manager: Loaded 1 plugin(s) from C:\Users\yydsh\Desktop\ProjectForStudio\ThonCode\src\thoncode\plugins
2026-08-13 19:31:07,350 [DEBUG] PIL.PngImagePlugin: STREAM b'IHDR' 16 13
2026-08-13 19:31:07,350 [DEBUG] PIL.PngImagePlugin: STREAM b'PLTE' 41 738
2026-08-13 19:31:07,350 [DEBUG] PIL.PngImagePlugin: STREAM b'tRNS' 791 118
2026-08-13 19:31:07,350 [DEBUG] PIL.PngImagePlugin: STREAM b'IDAT' 921 2549
2026-08-13 19:31:07,352 [DEBUG] PIL.PngImagePlugin: STREAM b'IHDR' 16 13
2026-08-13 19:31:07,352 [DEBUG] PIL.PngImagePlugin: STREAM b'sBIT' 41 4
2026-08-13 19:31:07,352 [DEBUG] PIL.PngImagePlugin: b'sBIT' 41 4 (unknown)
2026-08-13 19:31:07,352 [DEBUG] PIL.PngImagePlugin: STREAM b'pHYs' 57 9
2026-08-13 19:31:07,352 [DEBUG] PIL.PngImagePlugin: STREAM b'tEXt' 78 25
2026-08-13 19:31:07,352 [DEBUG] PIL.PngImagePlugin: STREAM b'IDAT' 115 2698
2026-08-13 19:31:07,354 [DEBUG] PIL.PngImagePlugin: STREAM b'IHDR' 16 13
2026-08-13 19:31:07,354 [DEBUG] PIL.PngImagePlugin: STREAM b'IDAT' 41 20962
2026-08-13 19:31:08,810 [DEBUG] thoncode.tree_manager: Populating tree root: C:/Users/yydsh/Desktop/ProjectForStudio/ThonCode
2026-08-13 19:35:50,803 [INFO] thoncode.plugin.sample_plugin: Sample plugin loaded v1.0.0
2026-08-13 19:35:50,907 [INFO] thoncode.plugins.manager: Plugin loaded: sample_plugin v1.0.0 - Logs file open events (demo plugin)
2026-08-13 19:35:50,907 [INFO] thoncode.plugins.manager: Loaded 1 plugin(s) from C:\Users\yydsh\Desktop\ProjectForStudio\ThonCode\src\thoncode\plugins
2026-08-13 19:38:48,185 [INFO] root: Logging initialized (dir=C:\Users\yydsh\Desktop\ProjectForStudio\ThonCode\src\thoncode\logs)
2026-08-13 19:39:21,151 [INFO] root: Logging initialized (dir=C:\Users\yydsh\Desktop\ProjectForStudio\ThonCode\src\thoncode\logs)
2026-08-13 19:40:01,032 [INFO] root: Logging initialized (dir=C:\Users\yydsh\Desktop\ProjectForStudio\ThonCode\src\thoncode\logs)
2026-08-13 19:40:01,033 [INFO] thoncode.boot: Application starting
2026-08-13 19:40:01,774 [DEBUG] thoncode.tree_manager: Populating tree root: C:\Users\yydsh\Desktop\ProjectForStudio\ThonCode\src
2026-08-13 19:40:01,777 [INFO] thoncode.main: Startup completed in 0.743s
2026-08-13 19:40:01,779 [INFO] thoncode.plugin.sample_plugin: Sample plugin loaded v1.0.0
2026-08-13 19:40:01,780 [INFO] thoncode.plugins.manager: Plugin loaded: sample_plugin v1.0.0 - Logs file open events (demo plugin)
2026-08-13 19:40:01,780 [INFO] thoncode.plugins.manager: Loaded 1 plugin(s) from C:\Users\yydsh\Desktop\ProjectForStudio\ThonCode\src\thoncode\plugins
2026-08-13 19:40:01,802 [DEBUG] PIL.PngImagePlugin: STREAM b'IHDR' 16 13
2026-08-13 19:40:01,802 [DEBUG] PIL.PngImagePlugin: STREAM b'PLTE' 41 738
2026-08-13 19:40:01,802 [DEBUG] PIL.PngImagePlugin: STREAM b'tRNS' 791 118
2026-08-13 19:40:01,802 [DEBUG] PIL.PngImagePlugin: STREAM b'IDAT' 921 2549
2026-08-13 19:40:01,803 [DEBUG] PIL.PngImagePlugin: STREAM b'IHDR' 16 13
2026-08-13 19:40:01,803 [DEBUG] PIL.PngImagePlugin: STREAM b'sBIT' 41 4
2026-08-13 19:40:01,804 [DEBUG] PIL.PngImagePlugin: b'sBIT' 41 4 (unknown)
2026-08-13 19:40:01,804 [DEBUG] PIL.PngImagePlugin: STREAM b'pHYs' 57 9
2026-08-13 19:40:01,804 [DEBUG] PIL.PngImagePlugin: STREAM b'tEXt' 78 25
2026-08-13 19:40:01,804 [DEBUG] PIL.PngImagePlugin: STREAM b'IDAT' 115 2698
2026-08-13 19:40:01,806 [DEBUG] PIL.PngImagePlugin: STREAM b'IHDR' 16 13
2026-08-13 19:40:01,806 [DEBUG] PIL.PngImagePlugin: STREAM b'IDAT' 41 20962
2026-08-13 19:40:02,899 [DEBUG] thoncode.tree_manager: Populating tree root: C:/Users/yydsh/Desktop/ProjectForStudio/ThonCode
2026-08-13 19:40:11,740 [DEBUG] thoncode.plugin.sample_plugin: File opened: C:/Users/yydsh/Desktop/ProjectForStudio/ThonCode\src\thoncode\main.py
2026-08-13 19:40:41,169 [INFO] root: Logging initialized (dir=C:\Users\yydsh\Desktop\ProjectForStudio\ThonCode\src\thoncode\logs)
2026-08-13 19:40:41,173 [INFO] thoncode.boot: Application starting
2026-08-13 19:40:42,367 [DEBUG] thoncode.tree_manager: Populating tree root: C:\Users\yydsh\Desktop\ProjectForStudio\ThonCode\src
2026-08-13 19:40:42,733 [INFO] thoncode.main: Startup completed in 1.529s
2026-08-13 19:40:42,915 [INFO] thoncode.plugin.sample_plugin: Sample plugin loaded v1.0.0
2026-08-13 19:40:42,918 [INFO] thoncode.plugins.manager: Plugin loaded: sample_plugin v1.0.0 - Logs file open events (demo plugin)
2026-08-13 19:40:42,918 [INFO] thoncode.plugins.manager: Loaded 1 plugin(s) from C:\Users\yydsh\Desktop\ProjectForStudio\ThonCode\src\thoncode\plugins
2026-08-13 19:40:42,943 [DEBUG] PIL.PngImagePlugin: STREAM b'IHDR' 16 13
2026-08-13 19:40:42,943 [DEBUG] PIL.PngImagePlugin: STREAM b'PLTE' 41 738
2026-08-13 19:40:42,943 [DEBUG] PIL.PngImagePlugin: STREAM b'tRNS' 791 118
2026-08-13 19:40:42,943 [DEBUG] PIL.PngImagePlugin: STREAM b'IDAT' 921 2549
2026-08-13 19:40:42,944 [DEBUG] PIL.PngImagePlugin: STREAM b'IHDR' 16 13
2026-08-13 19:40:42,945 [DEBUG] PIL.PngImagePlugin: STREAM b'sBIT' 41 4
2026-08-13 19:40:42,945 [DEBUG] PIL.PngImagePlugin: b'sBIT' 41 4 (unknown)
2026-08-13 19:40:42,945 [DEBUG] PIL.PngImagePlugin: STREAM b'pHYs' 57 9
2026-08-13 19:40:42,945 [DEBUG] PIL.PngImagePlugin: STREAM b'tEXt' 78 25
2026-08-13 19:40:42,945 [DEBUG] PIL.PngImagePlugin: STREAM b'IDAT' 115 2698
2026-08-13 19:40:42,946 [DEBUG] PIL.PngImagePlugin: STREAM b'IHDR' 16 13
2026-08-13 19:40:42,946 [DEBUG] PIL.PngImagePlugin: STREAM b'IDAT' 41 20962
2026-08-13 19:40:47,050 [DEBUG] thoncode.tree_manager: Populating tree root: C:/Users/yydsh/Desktop/ProjectForStudio/ThonCode
2026-08-13 19:40:53,115 [DEBUG] thoncode.plugin.sample_plugin: File opened: C:/Users/yydsh/Desktop/ProjectForStudio/ThonCode\README.md
2026-08-13 20:40:50,058 [INFO] root: Logging initialized (dir=C:\Users\yydsh\Desktop\ProjectForStudio\ThonCode\src\thoncode\logs)
2026-08-13 20:44:37,615 [INFO] root: Logging initialized (dir=C:\Users\yydsh\Desktop\ProjectForStudio\ThonCode\src\thoncode\logs)
2026-08-13 20:44:37,633 [INFO] thoncode.boot: Application starting
2026-08-13 20:44:38,769 [DEBUG] thoncode.tree_manager: Populating tree root: C:\Users\yydsh\Desktop\ProjectForStudio\ThonCode\src
2026-08-13 20:44:38,823 [INFO] thoncode.main: Startup completed in 1.188s
2026-08-13 20:44:38,825 [INFO] thoncode.plugin.sample_plugin: Sample plugin loaded v1.0.0
2026-08-13 20:44:38,825 [INFO] thoncode.plugins.manager: Plugin loaded: sample_plugin v1.0.0 - Logs file open events (demo plugin)
2026-08-13 20:44:38,825 [INFO] thoncode.plugins.manager: Loaded 1 plugin(s) from C:\Users\yydsh\Desktop\ProjectForStudio\ThonCode\src\thoncode\plugins
2026-08-13 20:44:38,940 [DEBUG] PIL.PngImagePlugin: STREAM b'IHDR' 16 13
2026-08-13 20:44:38,951 [DEBUG] PIL.PngImagePlugin: STREAM b'PLTE' 41 738
2026-08-13 20:44:38,951 [DEBUG] PIL.PngImagePlugin: STREAM b'tRNS' 791 118
2026-08-13 20:44:38,951 [DEBUG] PIL.PngImagePlugin: STREAM b'IDAT' 921 2549
2026-08-13 20:44:39,002 [DEBUG] PIL.PngImagePlugin: STREAM b'IHDR' 16 13
2026-08-13 20:44:39,002 [DEBUG] PIL.PngImagePlugin: STREAM b'sBIT' 41 4
2026-08-13 20:44:39,002 [DEBUG] PIL.PngImagePlugin: b'sBIT' 41 4 (unknown)
2026-08-13 20:44:39,003 [DEBUG] PIL.PngImagePlugin: STREAM b'pHYs' 57 9
2026-08-13 20:44:39,003 [DEBUG] PIL.PngImagePlugin: STREAM b'tEXt' 78 25
2026-08-13 20:44:39,019 [DEBUG] PIL.PngImagePlugin: STREAM b'IDAT' 115 2698
2026-08-13 20:44:39,021 [DEBUG] PIL.PngImagePlugin: STREAM b'IHDR' 16 13
2026-08-13 20:44:39,022 [DEBUG] PIL.PngImagePlugin: STREAM b'IDAT' 41 20962
2026-08-13 20:44:41,042 [DEBUG] thoncode.tree_manager: Populating tree root: C:/Users/yydsh/Desktop/ProjectForStudio/ThonCode
2026-08-13 20:44:53,833 [DEBUG] PIL.PngImagePlugin: STREAM b'IHDR' 16 13
2026-08-13 20:44:53,834 [DEBUG] PIL.PngImagePlugin: STREAM b'pHYs' 41 9
2026-08-13 20:44:53,834 [DEBUG] PIL.PngImagePlugin: STREAM b'sRGB' 62 1
2026-08-13 20:44:53,834 [DEBUG] PIL.PngImagePlugin: STREAM b'gAMA' 75 4
2026-08-13 20:44:53,834 [DEBUG] PIL.PngImagePlugin: STREAM b'tEXt' 91 14
2026-08-13 20:44:53,834 [DEBUG] PIL.PngImagePlugin: STREAM b'IDAT' 117 269
2026-08-13 20:44:53,844 [DEBUG] PIL.PngImagePlugin: STREAM b'IHDR' 16 13
2026-08-13 20:44:53,844 [DEBUG] PIL.PngImagePlugin: STREAM b'pHYs' 41 9
2026-08-13 20:44:53,844 [DEBUG] PIL.PngImagePlugin: STREAM b'sRGB' 62 1
2026-08-13 20:44:53,844 [DEBUG] PIL.PngImagePlugin: STREAM b'gAMA' 75 4
2026-08-13 20:44:53,844 [DEBUG] PIL.PngImagePlugin: STREAM b'tEXt' 91 14
2026-08-13 20:44:53,845 [DEBUG] PIL.PngImagePlugin: STREAM b'IDAT' 117 149
2026-08-13 20:44:53,856 [DEBUG] PIL.PngImagePlugin: STREAM b'IHDR' 16 13
2026-08-13 20:44:53,856 [DEBUG] PIL.PngImagePlugin: STREAM b'pHYs' 41 9
2026-08-13 20:44:53,856 [DEBUG] PIL.PngImagePlugin: STREAM b'sRGB' 62 1
2026-08-13 20:44:53,856 [DEBUG] PIL.PngImagePlugin: STREAM b'gAMA' 75 4
2026-08-13 20:44:53,856 [DEBUG] PIL.PngImagePlugin: STREAM b'tEXt' 91 14
2026-08-13 20:44:53,857 [DEBUG] PIL.PngImagePlugin: STREAM b'IDAT' 117 139
2026-08-13 20:44:53,870 [DEBUG] PIL.PngImagePlugin: STREAM b'IHDR' 16 13
2026-08-13 20:44:53,870 [DEBUG] PIL.PngImagePlugin: STREAM b'pHYs' 41 9
2026-08-13 20:44:53,870 [DEBUG] PIL.PngImagePlugin: STREAM b'sRGB' 62 1
2026-08-13 20:44:53,870 [DEBUG] PIL.PngImagePlugin: STREAM b'gAMA' 75 4
2026-08-13 20:44:53,870 [DEBUG] PIL.PngImagePlugin: STREAM b'tEXt' 91 14
2026-08-13 20:44:53,870 [DEBUG] PIL.PngImagePlugin: STREAM b'IDAT' 117 629
2026-08-13 20:45:36,148 [DEBUG] thoncode.plugin.sample_plugin: File opened: C:/Users/yydsh/Desktop/ProjectForStudio/ThonCode\README.md
2026-08-13 21:00:20,587 [INFO] root: Logging initialized (dir=C:\Users\yydsh\Desktop\ProjectForStudio\ThonCode\src\thoncode\logs)
2026-08-13 21:00:20,588 [INFO] thoncode.boot: Application starting
2026-08-13 21:00:21,258 [DEBUG] thoncode.tree_manager: Populating tree root: C:\Users\yydsh\Desktop\ProjectForStudio\ThonCode\src
2026-08-13 21:00:21,313 [INFO] thoncode.main: Startup completed in 0.724s
2026-08-13 21:00:21,315 [INFO] thoncode.plugin.sample_plugin: Sample plugin loaded v1.0.0
2026-08-13 21:00:21,315 [INFO] thoncode.plugins.manager: Plugin loaded: sample_plugin v1.0.0 - Logs file open events (demo plugin)
2026-08-13 21:00:21,315 [INFO] thoncode.plugins.manager: Loaded 1 plugin(s) from C:\Users\yydsh\Desktop\ProjectForStudio\ThonCode\src\thoncode\plugins
2026-08-13 21:00:21,338 [DEBUG] PIL.PngImagePlugin: STREAM b'IHDR' 16 13
2026-08-13 21:00:21,338 [DEBUG] PIL.PngImagePlugin: STREAM b'PLTE' 41 738
2026-08-13 21:00:21,338 [DEBUG] PIL.PngImagePlugin: STREAM b'tRNS' 791 118
2026-08-13 21:00:21,338 [DEBUG] PIL.PngImagePlugin: STREAM b'IDAT' 921 2549
2026-08-13 21:00:21,340 [DEBUG] PIL.PngImagePlugin: STREAM b'IHDR' 16 13
2026-08-13 21:00:21,340 [DEBUG] PIL.PngImagePlugin: STREAM b'sBIT' 41 4
2026-08-13 21:00:21,340 [DEBUG] PIL.PngImagePlugin: b'sBIT' 41 4 (unknown)
2026-08-13 21:00:21,340 [DEBUG] PIL.PngImagePlugin: STREAM b'pHYs' 57 9
2026-08-13 21:00:21,340 [DEBUG] PIL.PngImagePlugin: STREAM b'tEXt' 78 25
2026-08-13 21:00:21,340 [DEBUG] PIL.PngImagePlugin: STREAM b'IDAT' 115 2698
2026-08-13 21:00:21,342 [DEBUG] PIL.PngImagePlugin: STREAM b'IHDR' 16 13
2026-08-13 21:00:21,342 [DEBUG] PIL.PngImagePlugin: STREAM b'IDAT' 41 20962
2026-08-13 21:00:43,390 [DEBUG] thoncode.tree_manager: Populating tree root: C:/Users/yydsh/Desktop/ProjectForStudio/OpenXJ380/OpenXJ380
2026-08-13 21:10:41,569 [INFO] root: Logging initialized (dir=C:\Users\yydsh\Desktop\ProjectForStudio\ThonCode\src\thoncode\logs)
2026-08-13 21:10:41,570 [INFO] thoncode.boot: Application starting
2026-08-13 21:10:42,138 [DEBUG] thoncode.tree_manager: Populating tree root: C:\Users\yydsh\Desktop\ProjectForStudio\ThonCode\src
2026-08-13 21:10:42,141 [INFO] thoncode.main: Startup completed in 0.570s
2026-08-13 21:10:42,144 [INFO] thoncode.plugin.sample_plugin: Sample plugin loaded v1.0.0
2026-08-13 21:10:42,145 [INFO] thoncode.plugins.manager: Plugin loaded: sample_plugin v1.0.0 - Logs file open events (demo plugin)
2026-08-13 21:10:42,146 [INFO] thoncode.plugins.manager: Loaded 1 plugin(s) from C:\Users\yydsh\Desktop\ProjectForStudio\ThonCode\src\thoncode\plugins
2026-08-13 21:10:42,167 [DEBUG] PIL.PngImagePlugin: STREAM b'IHDR' 16 13
2026-08-13 21:10:42,167 [DEBUG] PIL.PngImagePlugin: STREAM b'PLTE' 41 738
2026-08-13 21:10:42,167 [DEBUG] PIL.PngImagePlugin: STREAM b'tRNS' 791 118
2026-08-13 21:10:42,167 [DEBUG] PIL.PngImagePlugin: STREAM b'IDAT' 921 2549
2026-08-13 21:10:42,169 [DEBUG] PIL.PngImagePlugin: STREAM b'IHDR' 16 13
2026-08-13 21:10:42,169 [DEBUG] PIL.PngImagePlugin: STREAM b'sBIT' 41 4
2026-08-13 21:10:42,169 [DEBUG] PIL.PngImagePlugin: b'sBIT' 41 4 (unknown)
2026-08-13 21:10:42,169 [DEBUG] PIL.PngImagePlugin: STREAM b'pHYs' 57 9
2026-08-13 21:10:42,169 [DEBUG] PIL.PngImagePlugin: STREAM b'tEXt' 78 25
2026-08-13 21:10:42,169 [DEBUG] PIL.PngImagePlugin: STREAM b'IDAT' 115 2698
2026-08-13 21:10:42,171 [DEBUG] PIL.PngImagePlugin: STREAM b'IHDR' 16 13
2026-08-13 21:10:42,171 [DEBUG] PIL.PngImagePlugin: STREAM b'IDAT' 41 20962
2026-08-13 21:26:15,507 [INFO] root: Logging initialized (dir=C:\Users\yydsh\Desktop\ProjectForStudio\ThonCode\src\thoncode\logs)
2026-08-13 21:37:00,931 [INFO] root: Logging initialized (dir=C:\Users\yydsh\Desktop\ProjectForStudio\ThonCode\src\thoncode\logs)
2026-08-13 21:37:00,933 [INFO] thoncode.boot: Application starting
2026-08-13 21:37:01,736 [DEBUG] thoncode.tree_manager: Populating tree root: C:\Users\yydsh\Desktop\ProjectForStudio\ThonCode\src
2026-08-13 21:37:01,739 [INFO] thoncode.main: Startup completed in 0.800s
2026-08-13 21:37:01,742 [INFO] thoncode.plugin.sample_plugin: Sample plugin loaded v1.0.0
2026-08-13 21:37:01,743 [INFO] thoncode.plugins.manager: Plugin loaded: sample_plugin v1.0.0 - Logs file open events (demo plugin)
2026-08-13 21:37:01,743 [INFO] thoncode.plugins.manager: Loaded 1 plugin(s) from C:\Users\yydsh\Desktop\ProjectForStudio\ThonCode\src\thoncode\plugins
2026-08-13 21:37:01,765 [DEBUG] PIL.PngImagePlugin: STREAM b'IHDR' 16 13
2026-08-13 21:37:01,765 [DEBUG] PIL.PngImagePlugin: STREAM b'PLTE' 41 738
2026-08-13 21:37:01,765 [DEBUG] PIL.PngImagePlugin: STREAM b'tRNS' 791 118
2026-08-13 21:37:01,766 [DEBUG] PIL.PngImagePlugin: STREAM b'IDAT' 921 2549
2026-08-13 21:37:01,767 [DEBUG] PIL.PngImagePlugin: STREAM b'IHDR' 16 13
2026-08-13 21:37:01,767 [DEBUG] PIL.PngImagePlugin: STREAM b'sBIT' 41 4
2026-08-13 21:37:01,767 [DEBUG] PIL.PngImagePlugin: b'sBIT' 41 4 (unknown)
2026-08-13 21:37:01,767 [DEBUG] PIL.PngImagePlugin: STREAM b'pHYs' 57 9
2026-08-13 21:37:01,767 [DEBUG] PIL.PngImagePlugin: STREAM b'tEXt' 78 25
2026-08-13 21:37:01,767 [DEBUG] PIL.PngImagePlugin: STREAM b'IDAT' 115 2698
2026-08-13 21:37:01,769 [DEBUG] PIL.PngImagePlugin: STREAM b'IHDR' 16 13
2026-08-13 21:37:01,769 [DEBUG] PIL.PngImagePlugin: STREAM b'IDAT' 41 20962
2026-08-13 21:37:12,002 [DEBUG] thoncode.tree_manager: Populating tree root: C:/Users/yydsh/Desktop/ProjectForStudio/ThonCode
2026-08-13 21:42:32,260 [DEBUG] thoncode.plugin.sample_plugin: File opened: C:/Users/yydsh/Desktop/ProjectForStudio/ThonCode\docs\zh_cn\plugin\define.md
2026-08-13 21:42:32,370 [DEBUG] thoncode.plugin.sample_plugin: File opened: C:/Users/yydsh/Desktop/ProjectForStudio/ThonCode\docs\zh_cn\plugin\define.md
2026-08-13 21:42:38,844 [DEBUG] thoncode.plugin.sample_plugin: File opened: C:/Users/yydsh/Desktop/ProjectForStudio/ThonCode\docs\INDEX.md
2026-08-13 22:06:46,834 [INFO] root: Logging initialized (dir=C:\Users\yydsh\Desktop\ProjectForStudio\ThonCode\src\thoncode\logs)
2026-08-13 22:06:46,835 [INFO] thoncode.boot: Application starting
2026-08-13 22:06:47,773 [DEBUG] thoncode.tree_manager: Populating tree root: C:\Users\yydsh\Desktop\ProjectForStudio\ThonCode\src
2026-08-13 22:06:47,802 [INFO] thoncode.main: Startup completed in 0.966s
2026-08-13 22:06:47,804 [INFO] thoncode.plugin.sample_plugin: Sample plugin loaded v1.0.0
2026-08-13 22:06:47,804 [INFO] thoncode.plugins.manager: Plugin loaded: sample_plugin v1.0.0 - Logs file open events (demo plugin)
2026-08-13 22:06:47,827 [DEBUG] PIL.PngImagePlugin: STREAM b'IHDR' 16 13
2026-08-13 22:06:47,827 [DEBUG] PIL.PngImagePlugin: STREAM b'PLTE' 41 738
2026-08-13 22:06:47,827 [DEBUG] PIL.PngImagePlugin: STREAM b'tRNS' 791 118
2026-08-13 22:06:47,827 [DEBUG] PIL.PngImagePlugin: STREAM b'IDAT' 921 2549
2026-08-13 22:06:47,829 [DEBUG] PIL.PngImagePlugin: STREAM b'IHDR' 16 13
2026-08-13 22:06:47,829 [DEBUG] PIL.PngImagePlugin: STREAM b'sBIT' 41 4
2026-08-13 22:06:47,829 [DEBUG] PIL.PngImagePlugin: b'sBIT' 41 4 (unknown)
2026-08-13 22:06:47,829 [DEBUG] PIL.PngImagePlugin: STREAM b'pHYs' 57 9
2026-08-13 22:06:47,829 [DEBUG] PIL.PngImagePlugin: STREAM b'tEXt' 78 25
2026-08-13 22:06:47,829 [DEBUG] PIL.PngImagePlugin: STREAM b'IDAT' 115 2698
2026-08-13 22:06:47,831 [DEBUG] PIL.PngImagePlugin: STREAM b'IHDR' 16 13
2026-08-13 22:06:47,831 [DEBUG] PIL.PngImagePlugin: STREAM b'IDAT' 41 20962
2026-08-13 22:07:57,706 [INFO] thoncode.plugin.sample_plugin: Sample plugin unloaded
2026-08-13 22:07:57,708 [INFO] thoncode.plugins.manager: Plugin unloaded: sample_plugin
2026-08-13 22:07:57,710 [INFO] thoncode.plugin.sample_plugin: Sample plugin loaded v1.0.0
2026-08-13 22:07:57,711 [INFO] thoncode.plugins.manager: Plugin loaded: sample_plugin v1.0.0 - Logs file open events (demo plugin)
2026-08-13 22:07:59,250 [INFO] thoncode.plugin.sample_plugin: Sample plugin unloaded
2026-08-13 22:07:59,251 [INFO] thoncode.plugins.manager: Plugin unloaded: sample_plugin
2026-08-13 22:08:00,740 [INFO] thoncode.plugin.sample_plugin: Sample plugin loaded v1.0.0
2026-08-13 22:08:00,744 [INFO] thoncode.plugins.manager: Plugin loaded: sample_plugin v1.0.0 - Logs file open events (demo plugin)
2026-08-13 22:08:02,282 [INFO] thoncode.plugin.sample_plugin: Sample plugin unloaded
2026-08-13 22:08:02,282 [INFO] thoncode.plugins.manager: Plugin unloaded: sample_plugin
2026-08-13 22:08:02,284 [INFO] thoncode.plugin.sample_plugin: Sample plugin loaded v1.0.0
2026-08-13 22:08:02,284 [INFO] thoncode.plugins.manager: Plugin loaded: sample_plugin v1.0.0 - Logs file open events (demo plugin)
2026-08-14 14:01:02,405 [INFO] root: Logging initialized (dir=C:\Users\yydsh\Desktop\ProjectForStudio\ThonCode\src\thoncode\logs)
2026-08-14 14:01:02,406 [INFO] thoncode.boot: Application starting
2026-08-14 14:01:05,226 [DEBUG] thoncode.tree_manager: Populating tree root: C:\Users\yydsh\Desktop\ProjectForStudio\ThonCode\src
2026-08-14 14:01:05,273 [INFO] thoncode.main: Startup completed in 2.863s
2026-08-14 14:01:05,279 [INFO] thoncode.plugin.sample_plugin: Sample plugin loaded v1.0.0
2026-08-14 14:01:05,283 [INFO] thoncode.plugins.manager: Plugin loaded: sample_plugin v1.0.0 - Logs file open events (demo plugin)
2026-08-14 14:01:05,397 [DEBUG] PIL.PngImagePlugin: STREAM b'IHDR' 16 13
2026-08-14 14:01:05,398 [DEBUG] PIL.PngImagePlugin: STREAM b'PLTE' 41 738
2026-08-14 14:01:05,398 [DEBUG] PIL.PngImagePlugin: STREAM b'tRNS' 791 118
2026-08-14 14:01:05,398 [DEBUG] PIL.PngImagePlugin: STREAM b'IDAT' 921 2549
2026-08-14 14:01:05,401 [DEBUG] PIL.PngImagePlugin: STREAM b'IHDR' 16 13
2026-08-14 14:01:05,401 [DEBUG] PIL.PngImagePlugin: STREAM b'sBIT' 41 4
2026-08-14 14:01:05,401 [DEBUG] PIL.PngImagePlugin: b'sBIT' 41 4 (unknown)
2026-08-14 14:01:05,401 [DEBUG] PIL.PngImagePlugin: STREAM b'pHYs' 57 9
2026-08-14 14:01:05,401 [DEBUG] PIL.PngImagePlugin: STREAM b'tEXt' 78 25
2026-08-14 14:01:05,401 [DEBUG] PIL.PngImagePlugin: STREAM b'IDAT' 115 2698
2026-08-14 14:01:05,403 [DEBUG] PIL.PngImagePlugin: STREAM b'IHDR' 16 13
2026-08-14 14:01:05,403 [DEBUG] PIL.PngImagePlugin: STREAM b'IDAT' 41 20962
2026-08-14 14:01:21,712 [INFO] thoncode.plugin.sample_plugin: Sample plugin unloaded
2026-08-14 14:01:21,712 [INFO] thoncode.plugins.manager: Plugin unloaded: sample_plugin
2026-08-14 14:01:21,713 [INFO] thoncode.plugin.sample_plugin: Sample plugin loaded v1.0.0
2026-08-14 14:01:21,714 [INFO] thoncode.plugins.manager: Plugin loaded: sample_plugin v1.0.0 - Logs file open events (demo plugin)
2026-08-14 14:01:40,480 [DEBUG] thoncode.tree_manager: Populating tree root: C:/Users/yydsh/Desktop/ProjectForStudio/ThonCode
2026-08-14 14:01:50,111 [DEBUG] thoncode.plugin.sample_plugin: File opened: C:/Users/yydsh/Desktop/ProjectForStudio/ThonCode\src\CHANGELOG.md
2026-08-14 14:02:12,208 [DEBUG] thoncode.plugin.sample_plugin: File opened: C:/Users/yydsh/Desktop/ProjectForStudio/ThonCode\.version
2026-08-14 14:56:49,273 [INFO] root: Logging initialized (dir=C:\Users\yydsh\Desktop\ProjectForStudio\ThonCode\src\thoncode\logs)
2026-08-14 14:56:49,275 [INFO] thoncode.boot: Application starting
2026-08-14 14:56:51,613 [DEBUG] thoncode.tree_manager: Populating tree root: C:\Users\yydsh\Desktop\ProjectForStudio\ThonCode\src
2026-08-14 14:56:51,648 [INFO] thoncode.main: Startup completed in 2.371s
2026-08-14 14:56:51,653 [WARNING] thoncode.plugins.manager: Introspect failed for 'java_support': cannot import name '_PERM' from 'libs.plugins' (C:\Users\yydsh\Desktop\ProjectForStudio\ThonCode\src\thoncode\libs\plugins\__init__.py)
Traceback (most recent call last):
  File "C:\Users\yydsh\Desktop\ProjectForStudio\ThonCode\src\thoncode\libs\plugins\plugin_manager.py", line 415, in _introspect_candidate
    spec.loader.exec_module(module)
    ~~~~~~~~~~~~~~~~~~~~~~~^^^^^^^^
  File "<frozen importlib._bootstrap_external>", line 1023, in exec_module
  File "<frozen importlib._bootstrap>", line 488, in _call_with_frames_removed
  File "C:\Users\yydsh\Desktop\ProjectForStudio\ThonCode\src\thoncode\plugins\java_support\__init__.py", line 27, in <module>
    from libs.plugins import _PERM as PERM  # permission name constants
    ^^^^^^^^^^^^^^^^^^^^^^^^^^^^^^^^^^^^^^
ImportError: cannot import name '_PERM' from 'libs.plugins' (C:\Users\yydsh\Desktop\ProjectForStudio\ThonCode\src\thoncode\libs\plugins\__init__.py)
2026-08-14 14:56:51,707 [WARNING] thoncode.plugins.manager: Introspect failed for 'rust_support': cannot import name '_PERM' from 'libs.plugins' (C:\Users\yydsh\Desktop\ProjectForStudio\ThonCode\src\thoncode\libs\plugins\__init__.py)
Traceback (most recent call last):
  File "C:\Users\yydsh\Desktop\ProjectForStudio\ThonCode\src\thoncode\libs\plugins\plugin_manager.py", line 415, in _introspect_candidate
    spec.loader.exec_module(module)
    ~~~~~~~~~~~~~~~~~~~~~~~^^^^^^^^
  File "<frozen importlib._bootstrap_external>", line 1023, in exec_module
  File "<frozen importlib._bootstrap>", line 488, in _call_with_frames_removed
  File "C:\Users\yydsh\Desktop\ProjectForStudio\ThonCode\src\thoncode\plugins\rust_support.py", line 20, in <module>
    from libs.plugins import _PERM as PERM
ImportError: cannot import name '_PERM' from 'libs.plugins' (C:\Users\yydsh\Desktop\ProjectForStudio\ThonCode\src\thoncode\libs\plugins\__init__.py)
2026-08-14 14:56:51,711 [INFO] thoncode.plugin.sample_plugin: Sample plugin loaded v1.0.0
2026-08-14 14:56:51,715 [INFO] thoncode.plugins.manager: Plugin loaded: sample_plugin v1.0.0 - Logs file open events (demo plugin)
2026-08-14 14:56:51,789 [DEBUG] PIL.PngImagePlugin: STREAM b'IHDR' 16 13
2026-08-14 14:56:51,789 [DEBUG] PIL.PngImagePlugin: STREAM b'PLTE' 41 738
2026-08-14 14:56:51,789 [DEBUG] PIL.PngImagePlugin: STREAM b'tRNS' 791 118
2026-08-14 14:56:51,789 [DEBUG] PIL.PngImagePlugin: STREAM b'IDAT' 921 2549
2026-08-14 14:56:51,790 [DEBUG] PIL.PngImagePlugin: STREAM b'IHDR' 16 13
2026-08-14 14:56:51,791 [DEBUG] PIL.PngImagePlugin: STREAM b'sBIT' 41 4
2026-08-14 14:56:51,791 [DEBUG] PIL.PngImagePlugin: b'sBIT' 41 4 (unknown)
2026-08-14 14:56:51,791 [DEBUG] PIL.PngImagePlugin: STREAM b'pHYs' 57 9
2026-08-14 14:56:51,791 [DEBUG] PIL.PngImagePlugin: STREAM b'tEXt' 78 25
2026-08-14 14:56:51,791 [DEBUG] PIL.PngImagePlugin: STREAM b'IDAT' 115 2698
2026-08-14 14:56:51,792 [DEBUG] PIL.PngImagePlugin: STREAM b'IHDR' 16 13
2026-08-14 14:56:51,793 [DEBUG] PIL.PngImagePlugin: STREAM b'IDAT' 41 20962
2026-08-14 14:59:42,833 [INFO] root: Logging initialized (dir=C:\Users\yydsh\Desktop\ProjectForStudio\ThonCode\src\thoncode\logs)
2026-08-14 14:59:42,907 [INFO] thoncode.boot: Application starting
2026-08-14 14:59:47,556 [DEBUG] thoncode.tree_manager: Populating tree root: C:\Users\yydsh\Desktop\ProjectForStudio\ThonCode\src
2026-08-14 15:01:28,832 [INFO] root: Logging initialized (dir=C:\Users\yydsh\Desktop\ProjectForStudio\ThonCode\src\thoncode\logs)
2026-08-14 15:01:28,832 [INFO] thoncode.boot: Application starting
2026-08-14 15:01:29,498 [DEBUG] thoncode.tree_manager: Populating tree root: C:\Users\yydsh\Desktop\ProjectForStudio\ThonCode\src
2026-08-14 15:12:12,585 [INFO] root: Logging initialized (dir=C:\Users\yydsh\Desktop\ProjectForStudio\ThonCode\src\thoncode\logs)
2026-08-14 15:12:12,586 [INFO] thoncode.boot: Application starting
2026-08-14 15:12:14,799 [DEBUG] thoncode.tree_manager: Populating tree root: C:\Users\yydsh\Desktop\ProjectForStudio\ThonCode\src
2026-08-14 15:14:37,875 [INFO] root: Logging initialized (dir=C:\Users\yydsh\Desktop\ProjectForStudio\ThonCode\src\thoncode\logs)
2026-08-14 15:14:38,142 [INFO] thoncode.boot: Application starting
2026-08-14 15:14:39,351 [DEBUG] thoncode.tree_manager: Populating tree root: C:\Users\yydsh\Desktop\ProjectForStudio\ThonCode\src
2026-08-14 15:15:28,764 [INFO] root: Logging initialized (dir=C:\Users\yydsh\Desktop\ProjectForStudio\ThonCode\src\thoncode\logs)
2026-08-14 15:15:28,884 [INFO] thoncode.boot: Application starting
2026-08-14 15:15:31,763 [DEBUG] thoncode.tree_manager: Populating tree root: C:\Users\yydsh\Desktop\ProjectForStudio\ThonCode\src
2026-08-14 15:19:04,167 [INFO] root: Logging initialized (dir=C:\Users\yydsh\Desktop\ProjectForStudio\ThonCode\src\thoncode\logs)
2026-08-14 15:19:08,460 [INFO] root: Logging initialized (dir=C:\Users\yydsh\Desktop\ProjectForStudio\ThonCode\src\thoncode\logs)
2026-08-14 15:19:08,460 [INFO] thoncode.boot: Application starting
2026-08-14 15:19:09,140 [DEBUG] thoncode.tree_manager: Populating tree root: C:\Users\yydsh\Desktop\ProjectForStudio\ThonCode\src
2026-08-14 15:19:44,396 [INFO] root: Logging initialized (dir=C:\Users\yydsh\Desktop\ProjectForStudio\ThonCode\src\thoncode\logs)
2026-08-14 15:19:44,396 [INFO] thoncode.boot: Application starting
2026-08-14 15:19:45,083 [DEBUG] thoncode.tree_manager: Populating tree root: C:\Users\yydsh\Desktop\ProjectForStudio\ThonCode\src
2026-08-14 15:29:29,567 [INFO] root: Logging initialized (dir=C:\Users\yydsh\Desktop\ProjectForStudio\ThonCode\src\thoncode\logs)
2026-08-14 15:29:29,568 [INFO] thoncode.boot: Application starting
2026-08-14 15:29:31,534 [DEBUG] thoncode.tree_manager: Populating tree root: C:\Users\yydsh\Desktop\ProjectForStudio\ThonCode\src
2026-08-14 15:29:31,618 [INFO] thoncode.main: Startup completed in 2.038s
2026-08-14 15:29:31,630 [INFO] thoncode.plugin.sample_plugin: Sample plugin loaded v1.0.0
2026-08-14 15:29:31,635 [INFO] thoncode.plugins.manager: Plugin loaded: sample_plugin v1.0.0 - Logs file open events (demo plugin)
2026-08-14 15:29:31,640 [INFO] thoncode.plugin.rust_support: Rust support plugin v1.0.0 loading...
2026-08-14 15:29:31,927 [DEBUG] thoncode.plugin.rust_support: add_syntax_groups(rust) -> True
2026-08-14 15:29:31,929 [DEBUG] thoncode.plugin.rust_support: add_syntax_groups(.rs) -> True
2026-08-14 15:29:31,929 [INFO] thoncode.plugin.rust_support: Rust support plugin loaded.
2026-08-14 15:29:31,929 [INFO] thoncode.plugins.manager: Plugin loaded: rust_support v1.0.0 - Rust syntax highlighting via keyword groups
2026-08-14 15:29:31,931 [INFO] thoncode.plugin.java_support: Java support plugin v1.0.0 loading...
2026-08-14 15:29:31,938 [DEBUG] thoncode.plugin.java_support: add_syntax_groups(java) -> True
2026-08-14 15:29:31,940 [DEBUG] thoncode.plugin.java_support: add_syntax_groups(.java) -> True
2026-08-14 15:29:31,944 [DEBUG] thoncode.plugin.java_support: register_builtin_symbols(java) -> True
2026-08-14 15:29:31,961 [DEBUG] thoncode.plugin.java_support: register_symbol_extractor(java) -> True
2026-08-14 15:29:31,961 [DEBUG] thoncode.plugin.java_support: register_import_resolver(java) -> True
2026-08-14 15:29:31,967 [DEBUG] thoncode.plugins.api: add_menu_item failed: substring not found
2026-08-14 15:29:31,967 [INFO] thoncode.plugin.java_support: Java support plugin loaded.
2026-08-14 15:29:31,979 [INFO] thoncode.plugins.manager: Plugin loaded: java_support v1.0.0 - Java language support: syntax highlighting, auto-completion builtins, custom symbol extractor for go-to-definition.
2026-08-14 15:29:32,446 [DEBUG] PIL.PngImagePlugin: STREAM b'IHDR' 16 13
2026-08-14 15:29:32,458 [DEBUG] PIL.PngImagePlugin: STREAM b'PLTE' 41 738
2026-08-14 15:29:32,458 [DEBUG] PIL.PngImagePlugin: STREAM b'tRNS' 791 118
2026-08-14 15:29:32,458 [DEBUG] PIL.PngImagePlugin: STREAM b'IDAT' 921 2549
2026-08-14 15:29:32,495 [DEBUG] PIL.PngImagePlugin: STREAM b'IHDR' 16 13
2026-08-14 15:29:32,495 [DEBUG] PIL.PngImagePlugin: STREAM b'sBIT' 41 4
2026-08-14 15:29:32,495 [DEBUG] PIL.PngImagePlugin: b'sBIT' 41 4 (unknown)
2026-08-14 15:29:32,495 [DEBUG] PIL.PngImagePlugin: STREAM b'pHYs' 57 9
2026-08-14 15:29:32,495 [DEBUG] PIL.PngImagePlugin: STREAM b'tEXt' 78 25
2026-08-14 15:29:32,495 [DEBUG] PIL.PngImagePlugin: STREAM b'IDAT' 115 2698
2026-08-14 15:29:32,498 [DEBUG] PIL.PngImagePlugin: STREAM b'IHDR' 16 13
2026-08-14 15:29:32,498 [DEBUG] PIL.PngImagePlugin: STREAM b'IDAT' 41 20962
2026-08-14 15:29:37,765 [DEBUG] thoncode.tree_manager: Populating tree root: C:/Users/yydsh/Desktop/ProjectForStudio/ThonCode
2026-08-14 15:29:39,501 [DEBUG] thoncode.tree_manager: Populating tree root: C:/Users/yydsh/Desktop/ProjectForStudio/ThonCode
2026-08-14 15:29:41,146 [DEBUG] thoncode.tree_manager: Populating tree root: C:/Users/yydsh/Desktop/ProjectForStudio/OpenXJ380/OpenXJ380
2026-08-14 15:29:42,189 [DEBUG] thoncode.tree_manager: Populating tree root: C:/Users/yydsh/Desktop/ProjectForStudio/ThonCode
2026-08-14 17:19:11,389 [INFO] root: Logging initialized (dir=C:\Users\yydsh\Desktop\ProjectForStudio\ThonCode\src\thoncode\logs)
2026-08-14 17:19:11,390 [INFO] thoncode.boot: Application starting
2026-08-14 17:19:12,106 [DEBUG] thoncode.tree_manager: Populating tree root: C:\Users\yydsh\Desktop\ProjectForStudio\ThonCode\src
2026-08-14 17:19:12,177 [INFO] thoncode.main: Startup completed in 0.786s
2026-08-14 17:19:12,197 [INFO] thoncode.plugin.sample_plugin: Sample plugin loaded v1.0.0
2026-08-14 17:19:12,197 [INFO] thoncode.plugins.manager: Plugin loaded: sample_plugin v1.0.0 - Logs file open events (demo plugin)
2026-08-14 17:19:12,199 [INFO] thoncode.plugin.rust_support: Rust support plugin v1.0.0 loading...
2026-08-14 17:19:12,560 [DEBUG] thoncode.plugin.rust_support: add_syntax_groups(rust) -> True
2026-08-14 17:19:12,562 [DEBUG] thoncode.plugin.rust_support: add_syntax_groups(.rs) -> True
2026-08-14 17:19:12,562 [INFO] thoncode.plugin.rust_support: Rust support plugin loaded.
2026-08-14 17:19:12,562 [INFO] thoncode.plugins.manager: Plugin loaded: rust_support v1.0.0 - Rust syntax highlighting via keyword groups
2026-08-14 17:19:12,564 [INFO] thoncode.plugin.java_support: Java support plugin v1.0.0 loading...
2026-08-14 17:19:12,580 [DEBUG] thoncode.plugin.java_support: add_syntax_groups(java) -> True
2026-08-14 17:19:12,581 [DEBUG] thoncode.plugin.java_support: add_syntax_groups(.java) -> True
2026-08-14 17:19:12,583 [DEBUG] thoncode.plugin.java_support: register_builtin_symbols(java) -> True
2026-08-14 17:19:12,588 [DEBUG] thoncode.plugin.java_support: register_symbol_extractor(java) -> True
2026-08-14 17:19:12,588 [DEBUG] thoncode.plugin.java_support: register_import_resolver(java) -> True
2026-08-14 17:19:12,592 [DEBUG] thoncode.plugins.api: add_menu_item failed: substring not found
2026-08-14 17:19:12,593 [INFO] thoncode.plugin.java_support: Java support plugin loaded.
2026-08-14 17:19:12,593 [INFO] thoncode.plugins.manager: Plugin loaded: java_support v1.0.0 - Java language support: syntax highlighting, auto-completion builtins, custom symbol extractor for go-to-definition.
2026-08-14 17:19:12,947 [DEBUG] PIL.PngImagePlugin: STREAM b'IHDR' 16 13
2026-08-14 17:19:12,958 [DEBUG] PIL.PngImagePlugin: STREAM b'PLTE' 41 738
2026-08-14 17:19:12,958 [DEBUG] PIL.PngImagePlugin: STREAM b'tRNS' 791 118
2026-08-14 17:19:12,958 [DEBUG] PIL.PngImagePlugin: STREAM b'IDAT' 921 2549
2026-08-14 17:19:13,009 [DEBUG] PIL.PngImagePlugin: STREAM b'IHDR' 16 13
2026-08-14 17:19:13,010 [DEBUG] PIL.PngImagePlugin: STREAM b'sBIT' 41 4
2026-08-14 17:19:13,010 [DEBUG] PIL.PngImagePlugin: b'sBIT' 41 4 (unknown)
2026-08-14 17:19:13,010 [DEBUG] PIL.PngImagePlugin: STREAM b'pHYs' 57 9
2026-08-14 17:19:13,011 [DEBUG] PIL.PngImagePlugin: STREAM b'tEXt' 78 25
2026-08-14 17:19:13,011 [DEBUG] PIL.PngImagePlugin: STREAM b'IDAT' 115 2698
2026-08-14 17:19:13,017 [DEBUG] PIL.PngImagePlugin: STREAM b'IHDR' 16 13
2026-08-14 17:19:13,017 [DEBUG] PIL.PngImagePlugin: STREAM b'IDAT' 41 20962
2026-08-14 17:19:17,170 [INFO] root: Logging initialized (dir=C:\Users\yydsh\Desktop\ProjectForStudio\ThonCode\src\thoncode\logs)
2026-08-14 17:19:17,170 [INFO] thoncode.boot: Application starting
2026-08-14 17:19:17,767 [DEBUG] thoncode.tree_manager: Populating tree root: C:\Users\yydsh\Desktop\ProjectForStudio\ThonCode\src
2026-08-14 17:19:17,801 [INFO] thoncode.main: Startup completed in 0.628s
2026-08-14 17:19:17,806 [INFO] thoncode.plugin.sample_plugin: Sample plugin loaded v1.0.0
2026-08-14 17:19:17,806 [INFO] thoncode.plugins.manager: Plugin loaded: sample_plugin v1.0.0 - Logs file open events (demo plugin)
2026-08-14 17:19:17,808 [INFO] thoncode.plugin.rust_support: Rust support plugin v1.0.0 loading...
2026-08-14 17:19:17,904 [DEBUG] thoncode.plugin.rust_support: add_syntax_groups(rust) -> True
2026-08-14 17:19:17,906 [DEBUG] thoncode.plugin.rust_support: add_syntax_groups(.rs) -> True
2026-08-14 17:19:17,906 [INFO] thoncode.plugin.rust_support: Rust support plugin loaded.
2026-08-14 17:19:17,906 [INFO] thoncode.plugins.manager: Plugin loaded: rust_support v1.0.0 - Rust syntax highlighting via keyword groups
2026-08-14 17:19:17,908 [INFO] thoncode.plugin.java_support: Java support plugin v1.0.0 loading...
2026-08-14 17:19:17,913 [DEBUG] thoncode.plugin.java_support: add_syntax_groups(java) -> True
2026-08-14 17:19:17,914 [DEBUG] thoncode.plugin.java_support: add_syntax_groups(.java) -> True
2026-08-14 17:19:17,915 [DEBUG] thoncode.plugin.java_support: register_builtin_symbols(java) -> True
2026-08-14 17:19:17,918 [DEBUG] thoncode.plugin.java_support: register_symbol_extractor(java) -> True
2026-08-14 17:19:17,918 [DEBUG] thoncode.plugin.java_support: register_import_resolver(java) -> True
2026-08-14 17:19:17,922 [DEBUG] thoncode.plugins.api: add_menu_item failed: substring not found
2026-08-14 17:19:17,922 [INFO] thoncode.plugin.java_support: Java support plugin loaded.
2026-08-14 17:19:17,922 [INFO] thoncode.plugins.manager: Plugin loaded: java_support v1.0.0 - Java language support: syntax highlighting, auto-completion builtins, custom symbol extractor for go-to-definition.
2026-08-14 17:19:18,139 [DEBUG] PIL.PngImagePlugin: STREAM b'IHDR' 16 13
2026-08-14 17:19:18,139 [DEBUG] PIL.PngImagePlugin: STREAM b'PLTE' 41 738
2026-08-14 17:19:18,139 [DEBUG] PIL.PngImagePlugin: STREAM b'tRNS' 791 118
2026-08-14 17:19:18,140 [DEBUG] PIL.PngImagePlugin: STREAM b'IDAT' 921 2549
2026-08-14 17:19:18,141 [DEBUG] PIL.PngImagePlugin: STREAM b'IHDR' 16 13
2026-08-14 17:19:18,141 [DEBUG] PIL.PngImagePlugin: STREAM b'sBIT' 41 4
2026-08-14 17:19:18,141 [DEBUG] PIL.PngImagePlugin: b'sBIT' 41 4 (unknown)
2026-08-14 17:19:18,141 [DEBUG] PIL.PngImagePlugin: STREAM b'pHYs' 57 9
2026-08-14 17:19:18,141 [DEBUG] PIL.PngImagePlugin: STREAM b'tEXt' 78 25
2026-08-14 17:19:18,141 [DEBUG] PIL.PngImagePlugin: STREAM b'IDAT' 115 2698
2026-08-14 17:19:18,143 [DEBUG] PIL.PngImagePlugin: STREAM b'IHDR' 16 13
2026-08-14 17:19:18,143 [DEBUG] PIL.PngImagePlugin: STREAM b'IDAT' 41 20962
2026-08-14 17:22:11,414 [INFO] root: Logging initialized (dir=C:\Users\yydsh\Desktop\ProjectForStudio\ThonCode\src\thoncode\logs)
2026-08-14 17:22:11,414 [INFO] thoncode.boot: Application starting
2026-08-14 17:22:12,018 [DEBUG] thoncode.tree_manager: Populating tree root: C:\Users\yydsh\Desktop\ProjectForStudio\ThonCode\src
2026-08-14 17:22:12,060 [INFO] thoncode.main: Startup completed in 0.643s
2026-08-14 17:22:12,064 [INFO] thoncode.plugin.sample_plugin: Sample plugin loaded v1.0.0
2026-08-14 17:22:12,064 [INFO] thoncode.plugins.manager: Plugin loaded: sample_plugin v1.0.0 - Logs file open events (demo plugin)
2026-08-14 17:22:12,066 [INFO] thoncode.plugin.rust_support: Rust support plugin v1.0.0 loading...
2026-08-14 17:22:12,165 [DEBUG] thoncode.plugin.rust_support: add_syntax_groups(rust) -> True
2026-08-14 17:22:12,167 [DEBUG] thoncode.plugin.rust_support: add_syntax_groups(.rs) -> True
2026-08-14 17:22:12,167 [INFO] thoncode.plugin.rust_support: Rust support plugin loaded.
2026-08-14 17:22:12,167 [INFO] thoncode.plugins.manager: Plugin loaded: rust_support v1.0.0 - Rust syntax highlighting via keyword groups
2026-08-14 17:22:12,169 [INFO] thoncode.plugin.java_support: Java support plugin v1.0.0 loading...
2026-08-14 17:22:12,174 [DEBUG] thoncode.plugin.java_support: add_syntax_groups(java) -> True
2026-08-14 17:22:12,176 [DEBUG] thoncode.plugin.java_support: add_syntax_groups(.java) -> True
2026-08-14 17:22:12,177 [DEBUG] thoncode.plugin.java_support: register_builtin_symbols(java) -> True
2026-08-14 17:22:12,179 [DEBUG] thoncode.plugin.java_support: register_symbol_extractor(java) -> True
2026-08-14 17:22:12,179 [DEBUG] thoncode.plugin.java_support: register_import_resolver(java) -> True
2026-08-14 17:22:12,183 [DEBUG] thoncode.plugins.api: add_menu_item failed: substring not found
2026-08-14 17:22:12,183 [INFO] thoncode.plugin.java_support: Java support plugin loaded.
2026-08-14 17:22:12,183 [INFO] thoncode.plugins.manager: Plugin loaded: java_support v1.0.0 - Java language support: syntax highlighting, auto-completion builtins, custom symbol extractor for go-to-definition.
2026-08-14 17:22:12,400 [DEBUG] PIL.PngImagePlugin: STREAM b'IHDR' 16 13
2026-08-14 17:22:12,401 [DEBUG] PIL.PngImagePlugin: STREAM b'PLTE' 41 738
2026-08-14 17:22:12,401 [DEBUG] PIL.PngImagePlugin: STREAM b'tRNS' 791 118
2026-08-14 17:22:12,401 [DEBUG] PIL.PngImagePlugin: STREAM b'IDAT' 921 2549
2026-08-14 17:22:12,402 [DEBUG] PIL.PngImagePlugin: STREAM b'IHDR' 16 13
2026-08-14 17:22:12,402 [DEBUG] PIL.PngImagePlugin: STREAM b'sBIT' 41 4
2026-08-14 17:22:12,403 [DEBUG] PIL.PngImagePlugin: b'sBIT' 41 4 (unknown)
2026-08-14 17:22:12,403 [DEBUG] PIL.PngImagePlugin: STREAM b'pHYs' 57 9
2026-08-14 17:22:12,403 [DEBUG] PIL.PngImagePlugin: STREAM b'tEXt' 78 25
2026-08-14 17:22:12,403 [DEBUG] PIL.PngImagePlugin: STREAM b'IDAT' 115 2698
2026-08-14 17:22:12,404 [DEBUG] PIL.PngImagePlugin: STREAM b'IHDR' 16 13
2026-08-14 17:22:12,404 [DEBUG] PIL.PngImagePlugin: STREAM b'IDAT' 41 20962
2026-08-14 17:23:08,252 [INFO] root: Logging initialized (dir=C:\Users\yydsh\Desktop\ProjectForStudio\ThonCode\src\thoncode\logs)
2026-08-14 17:23:08,253 [INFO] thoncode.boot: Application starting
2026-08-14 17:23:08,888 [DEBUG] thoncode.tree_manager: Populating tree root: C:\Users\yydsh\Desktop\ProjectForStudio\ThonCode\src
2026-08-14 17:23:08,930 [INFO] thoncode.main: Startup completed in 0.675s
2026-08-14 17:23:08,935 [INFO] thoncode.plugin.sample_plugin: Sample plugin loaded v1.0.0
2026-08-14 17:23:08,935 [INFO] thoncode.plugins.manager: Plugin loaded: sample_plugin v1.0.0 - Logs file open events (demo plugin)
2026-08-14 17:23:08,937 [INFO] thoncode.plugin.rust_support: Rust support plugin v1.0.0 loading...
2026-08-14 17:23:09,036 [DEBUG] thoncode.plugin.rust_support: add_syntax_groups(rust) -> True
2026-08-14 17:23:09,037 [DEBUG] thoncode.plugin.rust_support: add_syntax_groups(.rs) -> True
2026-08-14 17:23:09,038 [INFO] thoncode.plugin.rust_support: Rust support plugin loaded.
2026-08-14 17:23:09,038 [INFO] thoncode.plugins.manager: Plugin loaded: rust_support v1.0.0 - Rust syntax highlighting via keyword groups
2026-08-14 17:23:09,040 [INFO] thoncode.plugin.java_support: Java support plugin v1.0.0 loading...
2026-08-14 17:23:09,044 [DEBUG] thoncode.plugin.java_support: add_syntax_groups(java) -> True
2026-08-14 17:23:09,046 [DEBUG] thoncode.plugin.java_support: add_syntax_groups(.java) -> True
2026-08-14 17:23:09,047 [DEBUG] thoncode.plugin.java_support: register_builtin_symbols(java) -> True
2026-08-14 17:23:09,050 [DEBUG] thoncode.plugin.java_support: register_symbol_extractor(java) -> True
2026-08-14 17:23:09,050 [DEBUG] thoncode.plugin.java_support: register_import_resolver(java) -> True
2026-08-14 17:23:09,053 [DEBUG] thoncode.plugins.api: add_menu_item failed: substring not found
2026-08-14 17:23:09,053 [INFO] thoncode.plugin.java_support: Java support plugin loaded.
2026-08-14 17:23:09,054 [INFO] thoncode.plugins.manager: Plugin loaded: java_support v1.0.0 - Java language support: syntax highlighting, auto-completion builtins, custom symbol extractor for go-to-definition.
2026-08-14 17:23:09,275 [DEBUG] PIL.PngImagePlugin: STREAM b'IHDR' 16 13
2026-08-14 17:23:09,275 [DEBUG] PIL.PngImagePlugin: STREAM b'PLTE' 41 738
2026-08-14 17:23:09,275 [DEBUG] PIL.PngImagePlugin: STREAM b'tRNS' 791 118
2026-08-14 17:23:09,275 [DEBUG] PIL.PngImagePlugin: STREAM b'IDAT' 921 2549
2026-08-14 17:23:09,277 [DEBUG] PIL.PngImagePlugin: STREAM b'IHDR' 16 13
2026-08-14 17:23:09,277 [DEBUG] PIL.PngImagePlugin: STREAM b'sBIT' 41 4
2026-08-14 17:23:09,277 [DEBUG] PIL.PngImagePlugin: b'sBIT' 41 4 (unknown)
2026-08-14 17:23:09,277 [DEBUG] PIL.PngImagePlugin: STREAM b'pHYs' 57 9
2026-08-14 17:23:09,277 [DEBUG] PIL.PngImagePlugin: STREAM b'tEXt' 78 25
2026-08-14 17:23:09,277 [DEBUG] PIL.PngImagePlugin: STREAM b'IDAT' 115 2698
2026-08-14 17:23:09,279 [DEBUG] PIL.PngImagePlugin: STREAM b'IHDR' 16 13
2026-08-14 17:23:09,279 [DEBUG] PIL.PngImagePlugin: STREAM b'IDAT' 41 20962
2026-08-14 17:23:12,820 [DEBUG] thoncode.plugin.sample_plugin: File opened: C:\Users\yydsh\Desktop\ProjectForStudio\ThonCode\src\thoncode\main.py
2026-08-14 17:24:55,110 [DEBUG] PIL.PngImagePlugin: STREAM b'IHDR' 16 13
2026-08-14 17:24:55,110 [DEBUG] PIL.PngImagePlugin: STREAM b'pHYs' 41 9
2026-08-14 17:24:55,111 [DEBUG] PIL.PngImagePlugin: STREAM b'sRGB' 62 1
2026-08-14 17:24:55,111 [DEBUG] PIL.PngImagePlugin: STREAM b'gAMA' 75 4
2026-08-14 17:24:55,111 [DEBUG] PIL.PngImagePlugin: STREAM b'tEXt' 91 14
2026-08-14 17:24:55,111 [DEBUG] PIL.PngImagePlugin: STREAM b'IDAT' 117 269
2026-08-14 17:24:55,141 [DEBUG] PIL.PngImagePlugin: STREAM b'IHDR' 16 13
2026-08-14 17:24:55,141 [DEBUG] PIL.PngImagePlugin: STREAM b'pHYs' 41 9
2026-08-14 17:24:55,141 [DEBUG] PIL.PngImagePlugin: STREAM b'sRGB' 62 1
2026-08-14 17:24:55,141 [DEBUG] PIL.PngImagePlugin: STREAM b'gAMA' 75 4
2026-08-14 17:24:55,141 [DEBUG] PIL.PngImagePlugin: STREAM b'tEXt' 91 14
2026-08-14 17:24:55,142 [DEBUG] PIL.PngImagePlugin: STREAM b'IDAT' 117 149
2026-08-14 17:24:55,153 [DEBUG] PIL.PngImagePlugin: STREAM b'IHDR' 16 13
2026-08-14 17:24:55,153 [DEBUG] PIL.PngImagePlugin: STREAM b'pHYs' 41 9
2026-08-14 17:24:55,153 [DEBUG] PIL.PngImagePlugin: STREAM b'sRGB' 62 1
2026-08-14 17:24:55,153 [DEBUG] PIL.PngImagePlugin: STREAM b'gAMA' 75 4
2026-08-14 17:24:55,153 [DEBUG] PIL.PngImagePlugin: STREAM b'tEXt' 91 14
2026-08-14 17:24:55,153 [DEBUG] PIL.PngImagePlugin: STREAM b'IDAT' 117 139
2026-08-14 17:24:55,172 [DEBUG] PIL.PngImagePlugin: STREAM b'IHDR' 16 13
2026-08-14 17:24:55,172 [DEBUG] PIL.PngImagePlugin: STREAM b'pHYs' 41 9
2026-08-14 17:24:55,172 [DEBUG] PIL.PngImagePlugin: STREAM b'sRGB' 62 1
2026-08-14 17:24:55,172 [DEBUG] PIL.PngImagePlugin: STREAM b'gAMA' 75 4
2026-08-14 17:24:55,172 [DEBUG] PIL.PngImagePlugin: STREAM b'tEXt' 91 14
2026-08-14 17:24:55,172 [DEBUG] PIL.PngImagePlugin: STREAM b'IDAT' 117 629
2026-08-14 17:46:13,137 [INFO] root: Logging initialized (dir=C:\Users\yydsh\Desktop\ProjectForStudio\ThonCode\src\thoncode\logs)
2026-08-14 17:46:13,139 [INFO] thoncode.boot: Application starting
2026-08-14 17:46:13,778 [DEBUG] thoncode.tree_manager: Populating tree root: C:\Users\yydsh\Desktop\ProjectForStudio\ThonCode\src
2026-08-14 17:46:13,858 [INFO] thoncode.main: Startup completed in 0.718s
2026-08-14 17:46:13,873 [INFO] thoncode.plugin.sample_plugin: Sample plugin loaded v1.0.0
2026-08-14 17:46:13,873 [INFO] thoncode.plugins.manager: Plugin loaded: sample_plugin v1.0.0 - Logs file open events (demo plugin)
2026-08-14 17:46:13,874 [INFO] thoncode.plugin.rust_support: Rust support plugin v1.0.0 loading...
2026-08-14 17:46:14,007 [DEBUG] thoncode.plugin.rust_support: add_syntax_groups(rust) -> True
2026-08-14 17:46:14,009 [DEBUG] thoncode.plugin.rust_support: add_syntax_groups(.rs) -> True
2026-08-14 17:46:14,009 [INFO] thoncode.plugin.rust_support: Rust support plugin loaded.
2026-08-14 17:46:14,009 [INFO] thoncode.plugins.manager: Plugin loaded: rust_support v1.0.0 - Rust syntax highlighting via keyword groups
2026-08-14 17:46:14,011 [INFO] thoncode.plugin.java_support: Java support plugin v1.0.0 loading...
2026-08-14 17:46:14,016 [DEBUG] thoncode.plugin.java_support: add_syntax_groups(java) -> True
2026-08-14 17:46:14,017 [DEBUG] thoncode.plugin.java_support: add_syntax_groups(.java) -> True
2026-08-14 17:46:14,019 [DEBUG] thoncode.plugin.java_support: register_builtin_symbols(java) -> True
2026-08-14 17:46:14,023 [DEBUG] thoncode.plugin.java_support: register_symbol_extractor(java) -> True
2026-08-14 17:46:14,023 [DEBUG] thoncode.plugin.java_support: register_import_resolver(java) -> True
2026-08-14 17:46:14,027 [DEBUG] thoncode.plugins.api: add_menu_item failed: substring not found
2026-08-14 17:46:14,027 [INFO] thoncode.plugin.java_support: Java support plugin loaded.
2026-08-14 17:46:14,027 [INFO] thoncode.plugins.manager: Plugin loaded: java_support v1.0.0 - Java language support: syntax highlighting, auto-completion builtins, custom symbol extractor for go-to-definition.
2026-08-14 17:46:14,371 [DEBUG] PIL.PngImagePlugin: STREAM b'IHDR' 16 13
2026-08-14 17:46:14,394 [DEBUG] PIL.PngImagePlugin: STREAM b'PLTE' 41 738
2026-08-14 17:46:14,394 [DEBUG] PIL.PngImagePlugin: STREAM b'tRNS' 791 118
2026-08-14 17:46:14,394 [DEBUG] PIL.PngImagePlugin: STREAM b'IDAT' 921 2549
2026-08-14 17:46:14,469 [DEBUG] PIL.PngImagePlugin: STREAM b'IHDR' 16 13
2026-08-14 17:46:14,470 [DEBUG] PIL.PngImagePlugin: STREAM b'sBIT' 41 4
2026-08-14 17:46:14,470 [DEBUG] PIL.PngImagePlugin: b'sBIT' 41 4 (unknown)
2026-08-14 17:46:14,470 [DEBUG] PIL.PngImagePlugin: STREAM b'pHYs' 57 9
2026-08-14 17:46:14,471 [DEBUG] PIL.PngImagePlugin: STREAM b'tEXt' 78 25
2026-08-14 17:46:14,471 [DEBUG] PIL.PngImagePlugin: STREAM b'IDAT' 115 2698
2026-08-14 17:46:14,477 [DEBUG] PIL.PngImagePlugin: STREAM b'IHDR' 16 13
2026-08-14 17:46:14,477 [DEBUG] PIL.PngImagePlugin: STREAM b'IDAT' 41 20962
2026-08-14 17:46:26,496 [INFO] thoncode.plugin.rust_support: Rust support plugin unloaded.
2026-08-14 17:46:26,496 [INFO] thoncode.plugins.manager: Plugin unloaded: rust_support
2026-08-14 17:46:26,498 [INFO] thoncode.plugin.rust_support: Rust support plugin v1.0.0 loading...
2026-08-14 17:46:26,612 [DEBUG] thoncode.plugin.rust_support: add_syntax_groups(rust) -> True
2026-08-14 17:46:26,616 [DEBUG] thoncode.plugin.rust_support: add_syntax_groups(.rs) -> True
2026-08-14 17:46:26,616 [INFO] thoncode.plugin.rust_support: Rust support plugin loaded.
2026-08-14 17:46:26,616 [INFO] thoncode.plugins.manager: Plugin loaded: rust_support v1.0.0 - Rust syntax highlighting via keyword groups
2026-08-14 17:46:28,808 [INFO] thoncode.plugin.java_support: Java support plugin unloaded.
2026-08-14 17:46:28,809 [INFO] thoncode.plugins.manager: Plugin unloaded: java_support
2026-08-14 17:46:28,811 [INFO] thoncode.plugin.java_support: Java support plugin v1.0.0 loading...
2026-08-14 17:46:28,814 [DEBUG] thoncode.plugin.java_support: add_syntax_groups(java) -> True
2026-08-14 17:46:28,816 [DEBUG] thoncode.plugin.java_support: add_syntax_groups(.java) -> True
2026-08-14 17:46:28,817 [DEBUG] thoncode.plugin.java_support: register_builtin_symbols(java) -> True
2026-08-14 17:46:28,819 [DEBUG] thoncode.plugin.java_support: register_symbol_extractor(java) -> True
2026-08-14 17:46:28,819 [DEBUG] thoncode.plugin.java_support: register_import_resolver(java) -> True
2026-08-14 17:46:28,821 [DEBUG] thoncode.plugins.api: add_menu_item failed: substring not found
2026-08-14 17:46:28,821 [INFO] thoncode.plugin.java_support: Java support plugin loaded.
2026-08-14 17:46:28,821 [INFO] thoncode.plugins.manager: Plugin loaded: java_support v1.0.0 - Java language support: syntax highlighting, auto-completion builtins, custom symbol extractor for go-to-definition.
2026-08-14 17:46:30,856 [INFO] thoncode.plugin.java_support: Java support plugin unloaded.
2026-08-14 17:46:30,856 [INFO] thoncode.plugins.manager: Plugin unloaded: java_support
2026-08-14 17:46:30,858 [INFO] thoncode.plugin.java_support: Java support plugin v1.0.0 loading...
2026-08-14 17:46:30,861 [DEBUG] thoncode.plugin.java_support: add_syntax_groups(java) -> True
2026-08-14 17:46:30,863 [DEBUG] thoncode.plugin.java_support: add_syntax_groups(.java) -> True
2026-08-14 17:46:30,865 [DEBUG] thoncode.plugin.java_support: register_builtin_symbols(java) -> True
2026-08-14 17:46:30,866 [DEBUG] thoncode.plugin.java_support: register_symbol_extractor(java) -> True
2026-08-14 17:46:30,866 [DEBUG] thoncode.plugin.java_support: register_import_resolver(java) -> True
2026-08-14 17:46:30,868 [DEBUG] thoncode.plugins.api: add_menu_item failed: substring not found
2026-08-14 17:46:30,868 [INFO] thoncode.plugin.java_support: Java support plugin loaded.
2026-08-14 17:46:30,869 [INFO] thoncode.plugins.manager: Plugin loaded: java_support v1.0.0 - Java language support: syntax highlighting, auto-completion builtins, custom symbol extractor for go-to-definition.
2026-08-14 17:46:32,264 [INFO] thoncode.plugin.rust_support: Rust support plugin unloaded.
2026-08-14 17:46:32,264 [INFO] thoncode.plugins.manager: Plugin unloaded: rust_support
2026-08-14 17:46:32,266 [INFO] thoncode.plugin.rust_support: Rust support plugin v1.0.0 loading...
2026-08-14 17:46:32,268 [DEBUG] thoncode.plugin.rust_support: add_syntax_groups(rust) -> True
2026-08-14 17:46:32,270 [DEBUG] thoncode.plugin.rust_support: add_syntax_groups(.rs) -> True
2026-08-14 17:46:32,270 [INFO] thoncode.plugin.rust_support: Rust support plugin loaded.
2026-08-14 17:46:32,271 [INFO] thoncode.plugins.manager: Plugin loaded: rust_support v1.0.0 - Rust syntax highlighting via keyword groups
2026-08-14 17:46:57,279 [DEBUG] thoncode.plugin.sample_plugin: File opened: C:\Users\yydsh\Desktop\ProjectForStudio\ThonCode\src\.thoncode\test.rs
2026-08-14 17:47:43,594 [DEBUG] thoncode.plugin.sample_plugin: File opened: C:\Users\yydsh\Desktop\ProjectForStudio\ThonCode\src\thoncode\main.py
2026-08-14 17:47:57,049 [DEBUG] thoncode.plugin.sample_plugin: File opened: C:\Users\yydsh\Desktop\ProjectForStudio\ThonCode\src\.thoncode\test.rs
2026-08-14 17:57:25,616 [INFO] root: Logging initialized (dir=C:\Users\yydsh\Desktop\ProjectForStudio\ThonCode\src\thoncode\logs)
2026-08-14 17:57:25,617 [INFO] thoncode.boot: Application starting
2026-08-14 17:57:26,205 [DEBUG] thoncode.tree_manager: Populating tree root: C:\Users\yydsh\Desktop\ProjectForStudio\ThonCode\src
2026-08-14 17:57:26,305 [INFO] thoncode.main: Startup completed in 0.688s
2026-08-14 17:57:26,327 [INFO] thoncode.plugin.sample_plugin: Sample plugin loaded v1.0.0
2026-08-14 17:57:26,328 [INFO] thoncode.plugins.manager: Plugin loaded: sample_plugin v1.0.0 - Logs file open events (demo plugin)
2026-08-14 17:57:26,329 [INFO] thoncode.plugin.rust_support: Rust support plugin v1.0.0 loading...
2026-08-14 17:57:26,439 [DEBUG] thoncode.plugin.rust_support: add_syntax_groups(rust) -> True
2026-08-14 17:57:26,441 [DEBUG] thoncode.plugin.rust_support: add_syntax_groups(.rs) -> True
2026-08-14 17:57:26,441 [INFO] thoncode.plugin.rust_support: Rust support plugin loaded.
2026-08-14 17:57:26,441 [INFO] thoncode.plugins.manager: Plugin loaded: rust_support v1.0.0 - Rust syntax highlighting via keyword groups
2026-08-14 17:57:26,443 [INFO] thoncode.plugin.java_support: Java support plugin v1.0.0 loading...
2026-08-14 17:57:26,450 [DEBUG] thoncode.plugin.java_support: add_syntax_groups(java) -> True
2026-08-14 17:57:26,452 [DEBUG] thoncode.plugin.java_support: add_syntax_groups(.java) -> True
2026-08-14 17:57:26,454 [DEBUG] thoncode.plugin.java_support: register_builtin_symbols(java) -> True
2026-08-14 17:57:26,459 [DEBUG] thoncode.plugin.java_support: register_symbol_extractor(java) -> True
2026-08-14 17:57:26,459 [DEBUG] thoncode.plugin.java_support: register_import_resolver(java) -> True
2026-08-14 17:57:26,464 [DEBUG] thoncode.plugins.api: add_menu_item failed: substring not found
2026-08-14 17:57:26,464 [INFO] thoncode.plugin.java_support: Java support plugin loaded.
2026-08-14 17:57:26,464 [INFO] thoncode.plugins.manager: Plugin loaded: java_support v1.0.0 - Java language support: syntax highlighting, auto-completion builtins, custom symbol extractor for go-to-definition.
2026-08-14 17:57:26,792 [DEBUG] PIL.PngImagePlugin: STREAM b'IHDR' 16 13
2026-08-14 17:57:26,814 [DEBUG] PIL.PngImagePlugin: STREAM b'PLTE' 41 738
2026-08-14 17:57:26,814 [DEBUG] PIL.PngImagePlugin: STREAM b'tRNS' 791 118
2026-08-14 17:57:26,815 [DEBUG] PIL.PngImagePlugin: STREAM b'IDAT' 921 2549
2026-08-14 17:57:26,877 [DEBUG] PIL.PngImagePlugin: STREAM b'IHDR' 16 13
2026-08-14 17:57:26,877 [DEBUG] PIL.PngImagePlugin: STREAM b'sBIT' 41 4
2026-08-14 17:57:26,878 [DEBUG] PIL.PngImagePlugin: b'sBIT' 41 4 (unknown)
2026-08-14 17:57:26,878 [DEBUG] PIL.PngImagePlugin: STREAM b'pHYs' 57 9
2026-08-14 17:57:26,878 [DEBUG] PIL.PngImagePlugin: STREAM b'tEXt' 78 25
2026-08-14 17:57:26,879 [DEBUG] PIL.PngImagePlugin: STREAM b'IDAT' 115 2698
2026-08-14 17:57:26,884 [DEBUG] PIL.PngImagePlugin: STREAM b'IHDR' 16 13
2026-08-14 17:57:26,885 [DEBUG] PIL.PngImagePlugin: STREAM b'IDAT' 41 20962
2026-08-14 17:57:37,833 [DEBUG] thoncode.tree_manager: Populating tree root: C:/Users/yydsh/Desktop/ProjectForStudio/DuskOS
2026-08-14 18:12:00,167 [DEBUG] thoncode.tree_manager: Populating tree root: C:/Users/yydsh/Desktop/ProjectForStudio/ThonCode
2026-08-14 18:12:01,007 [DEBUG] thoncode.tree_manager: Populating tree root: C:/Users/yydsh/Desktop/ProjectForStudio/OpenXJ380/OpenXJ380
2026-08-14 18:12:01,487 [DEBUG] thoncode.tree_manager: Populating tree root: C:/Users/yydsh/Desktop/ProjectForStudio/ThonCode
2026-08-14 18:12:01,927 [DEBUG] thoncode.tree_manager: Populating tree root: C:/Users/yydsh/Desktop/ProjectForStudio/OpenXJ380/OpenXJ380
2026-08-14 18:12:03,103 [DEBUG] thoncode.tree_manager: Populating tree root: C:/Users/yydsh/Desktop/ProjectForStudio/ThonCode
2026-08-14 18:12:04,223 [DEBUG] thoncode.tree_manager: Populating tree root: C:/Users/yydsh/Desktop/ProjectForStudio/OpenXJ380/OpenXJ380
2026-08-14 18:12:35,097 [INFO] thoncode.license_handle: Materialised built-in license: MIT
2026-08-14 18:12:35,170 [INFO] thoncode.license_handle: Materialised built-in license: Apache-2.0
2026-08-14 18:12:35,172 [INFO] thoncode.license_handle: Materialised built-in license: BSD-2-Clause
2026-08-14 18:12:35,174 [INFO] thoncode.license_handle: Materialised built-in license: BSD-3-Clause
2026-08-14 18:12:35,292 [INFO] thoncode.license_handle: Materialised built-in license: GPL-3.0
2026-08-14 18:12:35,355 [INFO] thoncode.license_handle: Materialised built-in license: MPL-2.0
2026-08-14 18:12:35,377 [INFO] thoncode.license_handle: Materialised built-in license: Unlicense
2026-08-14 19:01:55,944 [INFO] root: Logging initialized (dir=C:\Users\yydsh\Desktop\ProjectForStudio\ThonCode\src\thoncode\logs)
2026-08-14 19:01:56,039 [INFO] thoncode.boot: Application starting
2026-08-14 19:01:58,140 [DEBUG] thoncode.tree_manager: Populating tree root: C:\Users\yydsh\Desktop\ProjectForStudio\ThonCode\src
2026-08-14 19:01:58,225 [INFO] thoncode.main: Startup completed in 2.103s
2026-08-14 19:01:58,232 [INFO] thoncode.plugin.sample_plugin: Sample plugin loaded v1.0.0
2026-08-14 19:01:58,235 [INFO] thoncode.plugins.manager: Plugin loaded: sample_plugin v1.0.0 - Logs file open events (demo plugin)
2026-08-14 19:01:58,236 [INFO] thoncode.plugin.rust_support: Rust support plugin v1.0.0 loading...
2026-08-14 19:01:58,356 [DEBUG] thoncode.plugin.rust_support: add_syntax_groups(rust) -> True
2026-08-14 19:01:58,358 [DEBUG] thoncode.plugin.rust_support: add_syntax_groups(.rs) -> True
2026-08-14 19:01:58,358 [INFO] thoncode.plugin.rust_support: Rust support plugin loaded.
2026-08-14 19:01:58,442 [INFO] thoncode.plugins.manager: Plugin loaded: rust_support v1.0.0 - Rust syntax highlighting via keyword groups
2026-08-14 19:01:58,445 [INFO] thoncode.plugin.java_support: Java support plugin v1.0.0 loading...
2026-08-14 19:01:58,450 [DEBUG] thoncode.plugin.java_support: add_syntax_groups(java) -> True
2026-08-14 19:01:58,452 [DEBUG] thoncode.plugin.java_support: add_syntax_groups(.java) -> True
2026-08-14 19:01:58,453 [DEBUG] thoncode.plugin.java_support: register_builtin_symbols(java) -> True
2026-08-14 19:01:58,456 [DEBUG] thoncode.plugin.java_support: register_symbol_extractor(java) -> True
2026-08-14 19:01:58,456 [DEBUG] thoncode.plugin.java_support: register_import_resolver(java) -> True
2026-08-14 19:01:58,490 [DEBUG] thoncode.plugins.api: add_menu_item failed: substring not found
2026-08-14 19:01:58,491 [INFO] thoncode.plugin.java_support: Java support plugin loaded.
2026-08-14 19:01:58,539 [INFO] thoncode.plugins.manager: Plugin loaded: java_support v1.0.0 - Java language support: syntax highlighting, auto-completion builtins, custom symbol extractor for go-to-definition.
2026-08-14 19:01:59,011 [DEBUG] PIL.PngImagePlugin: STREAM b'IHDR' 16 13
2026-08-14 19:01:59,011 [DEBUG] PIL.PngImagePlugin: STREAM b'PLTE' 41 738
2026-08-14 19:01:59,011 [DEBUG] PIL.PngImagePlugin: STREAM b'tRNS' 791 118
2026-08-14 19:01:59,011 [DEBUG] PIL.PngImagePlugin: STREAM b'IDAT' 921 2549
2026-08-14 19:01:59,013 [DEBUG] PIL.PngImagePlugin: STREAM b'IHDR' 16 13
2026-08-14 19:01:59,013 [DEBUG] PIL.PngImagePlugin: STREAM b'sBIT' 41 4
2026-08-14 19:01:59,013 [DEBUG] PIL.PngImagePlugin: b'sBIT' 41 4 (unknown)
2026-08-14 19:01:59,013 [DEBUG] PIL.PngImagePlugin: STREAM b'pHYs' 57 9
2026-08-14 19:01:59,014 [DEBUG] PIL.PngImagePlugin: STREAM b'tEXt' 78 25
2026-08-14 19:01:59,014 [DEBUG] PIL.PngImagePlugin: STREAM b'IDAT' 115 2698
2026-08-14 19:01:59,015 [DEBUG] PIL.PngImagePlugin: STREAM b'IHDR' 16 13
2026-08-14 19:01:59,015 [DEBUG] PIL.PngImagePlugin: STREAM b'IDAT' 41 20962
2026-08-14 19:02:05,745 [DEBUG] thoncode.plugin.sample_plugin: File opened: C:\Users\yydsh\Desktop\ProjectForStudio\ThonCode\src\thoncode\main.py
2026-08-14 20:29:50,157 [INFO] root: Logging initialized (dir=C:\Users\yydsh\Desktop\ProjectForStudio\ThonCode\src\thoncode\logs)
2026-08-14 20:29:50,158 [INFO] thoncode.boot: Application starting
2026-08-14 20:29:50,754 [DEBUG] thoncode.tree_manager: Populating tree root: C:\Users\yydsh\Desktop\ProjectForStudio\ThonCode\src
2026-08-14 20:29:50,789 [INFO] thoncode.main: Startup completed in 0.628s
2026-08-14 20:29:50,795 [INFO] thoncode.plugin.sample_plugin: Sample plugin loaded v1.0.0
2026-08-14 20:29:50,795 [INFO] thoncode.plugins.manager: Plugin loaded: sample_plugin v1.0.0 - Logs file open events (demo plugin)
2026-08-14 20:29:50,797 [INFO] thoncode.plugin.rust_support: Rust support plugin v1.0.0 loading...
2026-08-14 20:29:50,897 [DEBUG] thoncode.plugin.rust_support: add_syntax_groups(rust) -> True
2026-08-14 20:29:50,899 [DEBUG] thoncode.plugin.rust_support: add_syntax_groups(.rs) -> True
2026-08-14 20:29:50,899 [INFO] thoncode.plugin.rust_support: Rust support plugin loaded.
2026-08-14 20:29:50,899 [INFO] thoncode.plugins.manager: Plugin loaded: rust_support v1.0.0 - Rust syntax highlighting via keyword groups
2026-08-14 20:29:50,901 [INFO] thoncode.plugin.java_support: Java support plugin v1.0.0 loading...
2026-08-14 20:29:50,905 [DEBUG] thoncode.plugin.java_support: add_syntax_groups(java) -> True
2026-08-14 20:29:50,907 [DEBUG] thoncode.plugin.java_support: add_syntax_groups(.java) -> True
2026-08-14 20:29:50,909 [DEBUG] thoncode.plugin.java_support: register_builtin_symbols(java) -> True
2026-08-14 20:29:50,912 [DEBUG] thoncode.plugin.java_support: register_symbol_extractor(java) -> True
2026-08-14 20:29:50,912 [DEBUG] thoncode.plugin.java_support: register_import_resolver(java) -> True
2026-08-14 20:29:50,916 [DEBUG] thoncode.plugins.api: add_menu_item failed: substring not found
2026-08-14 20:29:50,916 [INFO] thoncode.plugin.java_support: Java support plugin loaded.
2026-08-14 20:29:50,916 [INFO] thoncode.plugins.manager: Plugin loaded: java_support v1.0.0 - Java language support: syntax highlighting, auto-completion builtins, custom symbol extractor for go-to-definition.
2026-08-14 20:29:51,141 [DEBUG] PIL.PngImagePlugin: STREAM b'IHDR' 16 13
2026-08-14 20:29:51,141 [DEBUG] PIL.PngImagePlugin: STREAM b'PLTE' 41 738
2026-08-14 20:29:51,142 [DEBUG] PIL.PngImagePlugin: STREAM b'tRNS' 791 118
2026-08-14 20:29:51,142 [DEBUG] PIL.PngImagePlugin: STREAM b'IDAT' 921 2549
2026-08-14 20:29:51,143 [DEBUG] PIL.PngImagePlugin: STREAM b'IHDR' 16 13
2026-08-14 20:29:51,143 [DEBUG] PIL.PngImagePlugin: STREAM b'sBIT' 41 4
2026-08-14 20:29:51,144 [DEBUG] PIL.PngImagePlugin: b'sBIT' 41 4 (unknown)
2026-08-14 20:29:51,144 [DEBUG] PIL.PngImagePlugin: STREAM b'pHYs' 57 9
2026-08-14 20:29:51,144 [DEBUG] PIL.PngImagePlugin: STREAM b'tEXt' 78 25
2026-08-14 20:29:51,144 [DEBUG] PIL.PngImagePlugin: STREAM b'IDAT' 115 2698
2026-08-14 20:29:51,145 [DEBUG] PIL.PngImagePlugin: STREAM b'IHDR' 16 13
2026-08-14 20:29:51,145 [DEBUG] PIL.PngImagePlugin: STREAM b'IDAT' 41 20962
2026-08-14 20:29:57,554 [DEBUG] thoncode.plugin.sample_plugin: File opened: C:\Users\yydsh\Desktop\ProjectForStudio\ThonCode\src\CHANGELOG.md
2026-08-14 20:30:10,598 [DEBUG] thoncode.plugin.sample_plugin: File opened: C:\Users\yydsh\Desktop\ProjectForStudio\ThonCode\src\thoncode\main.py
2026-08-14 20:54:40,308 [INFO] root: Logging initialized (dir=C:\Users\yydsh\Desktop\ProjectForStudio\ThonCode\src\thoncode\logs)
2026-08-14 20:54:40,309 [INFO] thoncode.boot: Application starting
2026-08-14 20:54:40,928 [DEBUG] thoncode.tree_manager: Populating tree root: C:\Users\yydsh\Desktop\ProjectForStudio\ThonCode\src
2026-08-14 20:54:40,963 [INFO] thoncode.main: Startup completed in 0.653s
2026-08-14 20:54:40,969 [INFO] thoncode.plugin.sample_plugin: Sample plugin loaded v1.0.0
2026-08-14 20:54:40,969 [INFO] thoncode.plugins.manager: Plugin loaded: sample_plugin v1.0.0 - Logs file open events (demo plugin)
2026-08-14 20:54:40,970 [INFO] thoncode.plugin.rust_support: Rust support plugin v1.0.0 loading...
2026-08-14 20:54:41,075 [DEBUG] thoncode.plugin.rust_support: add_syntax_groups(rust) -> True
2026-08-14 20:54:41,077 [DEBUG] thoncode.plugin.rust_support: add_syntax_groups(.rs) -> True
2026-08-14 20:54:41,077 [INFO] thoncode.plugin.rust_support: Rust support plugin loaded.
2026-08-14 20:54:41,077 [INFO] thoncode.plugins.manager: Plugin loaded: rust_support v1.0.0 - Rust syntax highlighting via keyword groups
2026-08-14 20:54:41,078 [INFO] thoncode.plugin.java_support: Java support plugin v1.0.0 loading...
2026-08-14 20:54:41,082 [DEBUG] thoncode.plugin.java_support: add_syntax_groups(java) -> True
2026-08-14 20:54:41,085 [DEBUG] thoncode.plugin.java_support: add_syntax_groups(.java) -> True
2026-08-14 20:54:41,086 [DEBUG] thoncode.plugin.java_support: register_builtin_symbols(java) -> True
2026-08-14 20:54:41,089 [DEBUG] thoncode.plugin.java_support: register_symbol_extractor(java) -> True
2026-08-14 20:54:41,089 [DEBUG] thoncode.plugin.java_support: register_import_resolver(java) -> True
2026-08-14 20:54:41,092 [DEBUG] thoncode.plugins.api: add_menu_item failed: substring not found
2026-08-14 20:54:41,093 [INFO] thoncode.plugin.java_support: Java support plugin loaded.
2026-08-14 20:54:41,093 [INFO] thoncode.plugins.manager: Plugin loaded: java_support v1.0.0 - Java language support: syntax highlighting, auto-completion builtins, custom symbol extractor for go-to-definition.
2026-08-14 20:54:41,316 [DEBUG] PIL.PngImagePlugin: STREAM b'IHDR' 16 13
2026-08-14 20:54:41,317 [DEBUG] PIL.PngImagePlugin: STREAM b'PLTE' 41 738
2026-08-14 20:54:41,317 [DEBUG] PIL.PngImagePlugin: STREAM b'tRNS' 791 118
2026-08-14 20:54:41,317 [DEBUG] PIL.PngImagePlugin: STREAM b'IDAT' 921 2549
2026-08-14 20:54:41,318 [DEBUG] PIL.PngImagePlugin: STREAM b'IHDR' 16 13
2026-08-14 20:54:41,318 [DEBUG] PIL.PngImagePlugin: STREAM b'sBIT' 41 4
2026-08-14 20:54:41,318 [DEBUG] PIL.PngImagePlugin: b'sBIT' 41 4 (unknown)
2026-08-14 20:54:41,319 [DEBUG] PIL.PngImagePlugin: STREAM b'pHYs' 57 9
2026-08-14 20:54:41,319 [DEBUG] PIL.PngImagePlugin: STREAM b'tEXt' 78 25
2026-08-14 20:54:41,319 [DEBUG] PIL.PngImagePlugin: STREAM b'IDAT' 115 2698
2026-08-14 20:54:41,320 [DEBUG] PIL.PngImagePlugin: STREAM b'IHDR' 16 13
2026-08-14 20:54:41,320 [DEBUG] PIL.PngImagePlugin: STREAM b'IDAT' 41 20962
2026-08-14 20:54:59,995 [WARNING] thoncode.plugins.marketplace: Marketplace index fetch failed (https://github.com/L-YLing/Thon-Market/index.json): HTTP Error 404: Not Found
2026-08-14 21:28:25,765 [INFO] thoncode.plugin.java_support: Java support plugin unloaded.
2026-08-14 21:28:25,798 [INFO] thoncode.plugins.manager: Plugin unloaded: java_support
2026-08-14 21:28:28,625 [INFO] thoncode.plugin.java_support: Java support plugin v1.0.0 loading...
2026-08-14 21:28:29,040 [DEBUG] thoncode.plugin.java_support: add_syntax_groups(java) -> True
2026-08-14 21:28:29,042 [DEBUG] thoncode.plugin.java_support: add_syntax_groups(.java) -> True
2026-08-14 21:28:29,044 [DEBUG] thoncode.plugin.java_support: register_builtin_symbols(java) -> True
2026-08-14 21:28:29,046 [DEBUG] thoncode.plugin.java_support: register_symbol_extractor(java) -> True
2026-08-14 21:28:29,046 [DEBUG] thoncode.plugin.java_support: register_import_resolver(java) -> True
2026-08-14 21:28:29,049 [DEBUG] thoncode.plugins.api: add_menu_item failed: substring not found
2026-08-14 21:28:29,049 [INFO] thoncode.plugin.java_support: Java support plugin loaded.
2026-08-14 21:28:29,050 [INFO] thoncode.plugins.manager: Plugin loaded: java_support v1.0.0 - Java language support: syntax highlighting, auto-completion builtins, custom symbol extractor for go-to-definition.
2026-08-14 21:28:31,885 [INFO] thoncode.plugin.java_support: Java support plugin unloaded.
2026-08-14 21:28:31,886 [INFO] thoncode.plugins.manager: Plugin unloaded: java_support
2026-08-14 21:35:28,632 [WARNING] thoncode.plugins.marketplace: Marketplace index fetch failed (https://github.com/L-YLing/Thon-Market/index.json): HTTP Error 404: Not Found
2026-08-14 21:35:30,673 [WARNING] thoncode.plugins.marketplace: Marketplace index fetch failed (https://github.com/L-YLing/Thon-Market/index.json): HTTP Error 404: Not Found
2026-08-14 21:35:31,571 [WARNING] thoncode.plugins.marketplace: Marketplace index fetch failed (https://github.com/L-YLing/Thon-Market/index.json): HTTP Error 404: Not Found
2026-08-14 21:35:32,585 [WARNING] thoncode.plugins.marketplace: Marketplace index fetch failed (https://github.com/L-YLing/Thon-Market/index.json): HTTP Error 404: Not Found
2026-08-14 21:35:34,411 [WARNING] thoncode.plugins.marketplace: Marketplace index fetch failed (https://github.com/L-YLing/Thon-Market/index.json): HTTP Error 404: Not Found
2026-08-14 21:35:35,173 [WARNING] thoncode.plugins.marketplace: Marketplace index fetch failed (https://github.com/L-YLing/Thon-Market/index.json): HTTP Error 404: Not Found
2026-08-14 21:35:35,922 [WARNING] thoncode.plugins.marketplace: Marketplace index fetch failed (https://github.com/L-YLing/Thon-Market/index.json): HTTP Error 404: Not Found
2026-08-14 21:35:36,192 [WARNING] thoncode.plugins.marketplace: Marketplace index fetch failed (https://github.com/L-YLing/Thon-Market/index.json): HTTP Error 404: Not Found
2026-08-14 21:35:36,394 [WARNING] thoncode.plugins.marketplace: Marketplace index fetch failed (https://github.com/L-YLing/Thon-Market/index.json): HTTP Error 404: Not Found
2026-08-14 21:35:37,327 [WARNING] thoncode.plugins.marketplace: Marketplace index fetch failed (https://github.com/L-YLing/Thon-Market/index.json): HTTP Error 404: Not Found
2026-08-14 21:35:38,217 [WARNING] thoncode.plugins.marketplace: Marketplace index fetch failed (https://github.com/L-YLing/Thon-Market/index.json): HTTP Error 404: Not Found
2026-08-14 21:36:31,847 [INFO] thoncode.plugin.java_support: Java support plugin v1.0.0 loading...
2026-08-14 21:36:31,851 [DEBUG] thoncode.plugin.java_support: add_syntax_groups(java) -> True
2026-08-14 21:36:31,854 [DEBUG] thoncode.plugin.java_support: add_syntax_groups(.java) -> True
2026-08-14 21:36:31,855 [DEBUG] thoncode.plugin.java_support: register_builtin_symbols(java) -> True
2026-08-14 21:36:31,856 [DEBUG] thoncode.plugin.java_support: register_symbol_extractor(java) -> True
2026-08-14 21:36:31,856 [DEBUG] thoncode.plugin.java_support: register_import_resolver(java) -> True
2026-08-14 21:36:31,859 [DEBUG] thoncode.plugins.api: add_menu_item failed: substring not found
2026-08-14 21:36:31,859 [INFO] thoncode.plugin.java_support: Java support plugin loaded.
2026-08-14 21:36:31,859 [INFO] thoncode.plugins.manager: Plugin loaded: java_support v1.0.0 - Java language support: syntax highlighting, auto-completion builtins, custom symbol extractor for go-to-definition.
2026-08-15 17:18:42,339 [INFO] root: Logging initialized (dir=C:\Users\yydsh\Desktop\ProjectForStudio\ThonCode\src\thoncode\logs)
2026-08-15 17:18:42,435 [INFO] thoncode.boot: Application starting
2026-08-15 17:19:43,146 [INFO] root: Logging initialized (dir=C:\Users\yydsh\Desktop\ProjectForStudio\ThonCode\src\thoncode\logs)
2026-08-15 17:19:43,156 [INFO] thoncode.boot: Application starting
2026-08-15 17:19:46,232 [DEBUG] thoncode.tree_manager: Populating tree root: C:\Users\yydsh\Desktop\ProjectForStudio\ThonCode\src
2026-08-15 17:19:46,277 [INFO] thoncode.main: Startup completed in 3.120s
2026-08-15 17:19:46,287 [INFO] thoncode.plugin.sample_plugin: Sample plugin loaded v1.0.0
2026-08-15 17:19:46,287 [INFO] thoncode.plugins.manager: Plugin loaded: sample_plugin v1.0.0 - Logs file open events (demo plugin)
2026-08-15 17:19:46,288 [INFO] thoncode.plugin.rust_support: Rust support plugin v1.0.0 loading...
2026-08-15 17:19:46,453 [DEBUG] thoncode.plugin.rust_support: add_syntax_groups(rust) -> True
2026-08-15 17:19:46,455 [DEBUG] thoncode.plugin.rust_support: add_syntax_groups(.rs) -> True
2026-08-15 17:19:46,455 [INFO] thoncode.plugin.rust_support: Rust support plugin loaded.
2026-08-15 17:19:46,458 [INFO] thoncode.plugins.manager: Plugin loaded: rust_support v1.0.0 - Rust syntax highlighting via keyword groups
2026-08-15 17:19:46,475 [INFO] thoncode.plugin.java_support: Java support plugin v1.0.0 loading...
2026-08-15 17:19:46,498 [DEBUG] thoncode.plugin.java_support: add_syntax_groups(java) -> True
2026-08-15 17:19:46,500 [DEBUG] thoncode.plugin.java_support: add_syntax_groups(.java) -> True
2026-08-15 17:19:46,502 [DEBUG] thoncode.plugin.java_support: register_builtin_symbols(java) -> True
2026-08-15 17:19:46,507 [DEBUG] thoncode.plugin.java_support: register_symbol_extractor(java) -> True
2026-08-15 17:19:46,507 [DEBUG] thoncode.plugin.java_support: register_import_resolver(java) -> True
2026-08-15 17:19:46,511 [DEBUG] thoncode.plugins.api: add_menu_item failed: substring not found
2026-08-15 17:19:46,511 [INFO] thoncode.plugin.java_support: Java support plugin loaded.
2026-08-15 17:19:46,515 [INFO] thoncode.plugins.manager: Plugin loaded: java_support v1.0.0 - Java language support: syntax highlighting, auto-completion builtins, custom symbol extractor for go-to-definition.
2026-08-15 17:19:46,973 [DEBUG] PIL.PngImagePlugin: STREAM b'IHDR' 16 13
2026-08-15 17:19:46,973 [DEBUG] PIL.PngImagePlugin: STREAM b'PLTE' 41 738
2026-08-15 17:19:46,974 [DEBUG] PIL.PngImagePlugin: STREAM b'tRNS' 791 118
2026-08-15 17:19:46,974 [DEBUG] PIL.PngImagePlugin: STREAM b'IDAT' 921 2549
2026-08-15 17:19:47,004 [DEBUG] PIL.PngImagePlugin: STREAM b'IHDR' 16 13
2026-08-15 17:19:47,004 [DEBUG] PIL.PngImagePlugin: STREAM b'sBIT' 41 4
2026-08-15 17:19:47,004 [DEBUG] PIL.PngImagePlugin: b'sBIT' 41 4 (unknown)
2026-08-15 17:19:47,004 [DEBUG] PIL.PngImagePlugin: STREAM b'pHYs' 57 9
2026-08-15 17:19:47,004 [DEBUG] PIL.PngImagePlugin: STREAM b'tEXt' 78 25
2026-08-15 17:19:47,004 [DEBUG] PIL.PngImagePlugin: STREAM b'IDAT' 115 2698
2026-08-15 17:19:47,007 [DEBUG] PIL.PngImagePlugin: STREAM b'IHDR' 16 13
2026-08-15 17:19:47,007 [DEBUG] PIL.PngImagePlugin: STREAM b'IDAT' 41 20962
2026-08-15 17:42:37,190 [DEBUG] thoncode.tree_manager: Populating tree root: C:/Users/yydsh/Desktop/ProjectForStudio/ThonCode
2026-08-15 17:42:39,231 [DEBUG] thoncode.tree_manager: Populating tree root: C:/Users/yydsh/Desktop/ProjectForStudio/OpenXJ380/OpenXJ380
2026-08-15 17:42:45,247 [DEBUG] thoncode.tree_manager: Populating tree root: C:/Users/yydsh/Desktop/ProjectForStudio/ThonCode
2026-08-15 17:42:55,068 [DEBUG] thoncode.plugin.sample_plugin: File opened: C:\Users\yydsh\Desktop\ProjectForStudio\ThonCode\src\thoncode\main.py
2026-08-15 17:43:58,806 [INFO] thoncode.plugin.java_support: Java support plugin unloaded.
2026-08-15 17:43:58,838 [INFO] thoncode.plugins.manager: Plugin unloaded: java_support
2026-08-15 17:44:01,154 [INFO] thoncode.plugin.java_support: Java support plugin v1.0.0 loading...
2026-08-15 17:44:01,301 [DEBUG] thoncode.plugin.java_support: add_syntax_groups(java) -> True
2026-08-15 17:44:01,332 [DEBUG] thoncode.plugin.java_support: add_syntax_groups(.java) -> True
2026-08-15 17:44:01,339 [DEBUG] thoncode.plugin.java_support: register_builtin_symbols(java) -> True
2026-08-15 17:44:01,340 [DEBUG] thoncode.plugin.java_support: register_symbol_extractor(java) -> True
2026-08-15 17:44:01,340 [DEBUG] thoncode.plugin.java_support: register_import_resolver(java) -> True
2026-08-15 17:44:01,343 [DEBUG] thoncode.plugins.api: add_menu_item failed: substring not found
2026-08-15 17:44:01,343 [INFO] thoncode.plugin.java_support: Java support plugin loaded.
2026-08-15 17:44:01,354 [INFO] thoncode.plugins.manager: Plugin loaded: java_support v1.0.0 - Java language support: syntax highlighting, auto-completion builtins, custom symbol extractor for go-to-definition.
2026-08-15 17:50:24,160 [INFO] root: Logging initialized (dir=C:\Users\yydsh\Desktop\ProjectForStudio\ThonCode\src\thoncode\logs)
2026-08-15 17:50:24,161 [INFO] thoncode.boot: Application starting
2026-08-15 17:50:25,232 [DEBUG] thoncode.tree_manager: Populating tree root: C:\Users\yydsh\Desktop\ProjectForStudio\ThonCode\src
2026-08-15 17:50:25,266 [INFO] thoncode.main: Startup completed in 1.104s
2026-08-15 17:50:25,271 [INFO] thoncode.plugin.sample_plugin: Sample plugin loaded v1.0.0
2026-08-15 17:50:25,271 [INFO] thoncode.plugins.manager: Plugin loaded: sample_plugin v1.0.0 - Logs file open events (demo plugin)
2026-08-15 17:50:25,272 [INFO] thoncode.plugin.rust_support: Rust support plugin v1.0.0 loading...
2026-08-15 17:50:25,374 [DEBUG] thoncode.plugin.rust_support: add_syntax_groups(rust) -> True
2026-08-15 17:50:25,376 [DEBUG] thoncode.plugin.rust_support: add_syntax_groups(.rs) -> True
2026-08-15 17:50:25,376 [INFO] thoncode.plugin.rust_support: Rust support plugin loaded.
2026-08-15 17:50:25,377 [INFO] thoncode.plugins.manager: Plugin loaded: rust_support v1.0.0 - Rust syntax highlighting via keyword groups
2026-08-15 17:50:25,378 [INFO] thoncode.plugin.java_support: Java support plugin v1.0.0 loading...
2026-08-15 17:50:25,383 [DEBUG] thoncode.plugin.java_support: add_syntax_groups(java) -> True
2026-08-15 17:50:25,384 [DEBUG] thoncode.plugin.java_support: add_syntax_groups(.java) -> True
2026-08-15 17:50:25,385 [DEBUG] thoncode.plugin.java_support: register_builtin_symbols(java) -> True
2026-08-15 17:50:25,388 [DEBUG] thoncode.plugin.java_support: register_symbol_extractor(java) -> True
2026-08-15 17:50:25,388 [DEBUG] thoncode.plugin.java_support: register_import_resolver(java) -> True
2026-08-15 17:50:25,392 [DEBUG] thoncode.plugins.api: add_menu_item failed: substring not found
2026-08-15 17:50:25,393 [INFO] thoncode.plugin.java_support: Java support plugin loaded.
2026-08-15 17:50:25,393 [INFO] thoncode.plugins.manager: Plugin loaded: java_support v1.0.0 - Java language support: syntax highlighting, auto-completion builtins, custom symbol extractor for go-to-definition.
2026-08-15 17:50:25,669 [DEBUG] PIL.PngImagePlugin: STREAM b'IHDR' 16 13
2026-08-15 17:50:25,670 [DEBUG] PIL.PngImagePlugin: STREAM b'PLTE' 41 738
2026-08-15 17:50:25,670 [DEBUG] PIL.PngImagePlugin: STREAM b'tRNS' 791 118
2026-08-15 17:50:25,670 [DEBUG] PIL.PngImagePlugin: STREAM b'IDAT' 921 2549
2026-08-15 17:50:25,671 [DEBUG] PIL.PngImagePlugin: STREAM b'IHDR' 16 13
2026-08-15 17:50:25,672 [DEBUG] PIL.PngImagePlugin: STREAM b'sBIT' 41 4
2026-08-15 17:50:25,672 [DEBUG] PIL.PngImagePlugin: b'sBIT' 41 4 (unknown)
2026-08-15 17:50:25,672 [DEBUG] PIL.PngImagePlugin: STREAM b'pHYs' 57 9
2026-08-15 17:50:25,672 [DEBUG] PIL.PngImagePlugin: STREAM b'tEXt' 78 25
2026-08-15 17:50:25,672 [DEBUG] PIL.PngImagePlugin: STREAM b'IDAT' 115 2698
2026-08-15 17:50:25,674 [DEBUG] PIL.PngImagePlugin: STREAM b'IHDR' 16 13
2026-08-15 17:50:25,674 [DEBUG] PIL.PngImagePlugin: STREAM b'IDAT' 41 20962
2026-08-15 17:50:30,551 [DEBUG] thoncode.tree_manager: Populating tree root: C:/Users/yydsh/Desktop/ProjectForStudio/ThonCode
